Archive member included to satisfy reference by file (symbol)

/home/haopc/.mcuxpressotools/arm-gnu-toolchain-14.2.rel1-x86_64-arm-none-eabi/bin/../lib/gcc/arm-none-eabi/14.2.1/thumb/v8-m.main+fp/hard/libgcc.a(_aeabi_uldivmod.o)
                              CMakeFiles/dev_hid_generic_freertos.elf.dir/home/haopc/workspace/project/usb_key_authen/src/core/mcxa156/sdks/frdm_mcxa156_sdk/components/osa/fsl_os_abstraction_free_rtos.c.obj (__aeabi_uldivmod)
/home/haopc/.mcuxpressotools/arm-gnu-toolchain-14.2.rel1-x86_64-arm-none-eabi/bin/../lib/gcc/arm-none-eabi/14.2.1/thumb/v8-m.main+fp/hard/libgcc.a(_udivmoddi4.o)
                              /home/haopc/.mcuxpressotools/arm-gnu-toolchain-14.2.rel1-x86_64-arm-none-eabi/bin/../lib/gcc/arm-none-eabi/14.2.1/thumb/v8-m.main+fp/hard/libgcc.a(_aeabi_uldivmod.o) (__udivmoddi4)
/home/haopc/.mcuxpressotools/arm-gnu-toolchain-14.2.rel1-x86_64-arm-none-eabi/bin/../lib/gcc/arm-none-eabi/14.2.1/thumb/v8-m.main+fp/hard/libgcc.a(_dvmd_tls.o)
                              /home/haopc/.mcuxpressotools/arm-gnu-toolchain-14.2.rel1-x86_64-arm-none-eabi/bin/../lib/gcc/arm-none-eabi/14.2.1/thumb/v8-m.main+fp/hard/libgcc.a(_aeabi_uldivmod.o) (__aeabi_ldiv0)
/home/haopc/.mcuxpressotools/arm-gnu-toolchain-14.2.rel1-x86_64-arm-none-eabi/bin/../lib/gcc/arm-none-eabi/14.2.1/../../../../arm-none-eabi/lib/thumb/v8-m.main+fp/hard/libc_nano.a(libc_a-exit.o)
                              /home/haopc/.mcuxpressotools/arm-gnu-toolchain-14.2.rel1-x86_64-arm-none-eabi/bin/../lib/gcc/arm-none-eabi/14.2.1/../../../../arm-none-eabi/lib/thumb/v8-m.main+fp/hard/crt0.o (exit)
/home/haopc/.mcuxpressotools/arm-gnu-toolchain-14.2.rel1-x86_64-arm-none-eabi/bin/../lib/gcc/arm-none-eabi/14.2.1/../../../../arm-none-eabi/lib/thumb/v8-m.main+fp/hard/libc_nano.a(libc_a-malloc.o)
                              CMakeFiles/dev_hid_generic_freertos.elf.dir/home/haopc/workspace/project/usb_key_authen/src/core/mcxa156/sdks/frdm_mcxa156_sdk/devices/MCXA156/drivers/fsl_common.c.obj (malloc)
/home/haopc/.mcuxpressotools/arm-gnu-toolchain-14.2.rel1-x86_64-arm-none-eabi/bin/../lib/gcc/arm-none-eabi/14.2.1/../../../../arm-none-eabi/lib/thumb/v8-m.main+fp/hard/libc_nano.a(libc_a-mallocr.o)
                              /home/haopc/.mcuxpressotools/arm-gnu-toolchain-14.2.rel1-x86_64-arm-none-eabi/bin/../lib/gcc/arm-none-eabi/14.2.1/../../../../arm-none-eabi/lib/thumb/v8-m.main+fp/hard/libc_nano.a(libc_a-malloc.o) (_malloc_r)
/home/haopc/.mcuxpressotools/arm-gnu-toolchain-14.2.rel1-x86_64-arm-none-eabi/bin/../lib/gcc/arm-none-eabi/14.2.1/../../../../arm-none-eabi/lib/thumb/v8-m.main+fp/hard/libc_nano.a(libc_a-mlock.o)
                              /home/haopc/.mcuxpressotools/arm-gnu-toolchain-14.2.rel1-x86_64-arm-none-eabi/bin/../lib/gcc/arm-none-eabi/14.2.1/../../../../arm-none-eabi/lib/thumb/v8-m.main+fp/hard/libc_nano.a(libc_a-mallocr.o) (__malloc_lock)
/home/haopc/.mcuxpressotools/arm-gnu-toolchain-14.2.rel1-x86_64-arm-none-eabi/bin/../lib/gcc/arm-none-eabi/14.2.1/../../../../arm-none-eabi/lib/thumb/v8-m.main+fp/hard/libc_nano.a(libc_a-strtoul.o)
                              CMakeFiles/dev_hid_generic_freertos.elf.dir/home/haopc/workspace/project/usb_key_authen/src/core/mcxa156/sdks/frdm_mcxa156_sdk/devices/MCXA156/utilities/str/fsl_str.c.obj (strtoul)
/home/haopc/.mcuxpressotools/arm-gnu-toolchain-14.2.rel1-x86_64-arm-none-eabi/bin/../lib/gcc/arm-none-eabi/14.2.1/../../../../arm-none-eabi/lib/thumb/v8-m.main+fp/hard/libc_nano.a(libc_a-ctype_.o)
                              /home/haopc/.mcuxpressotools/arm-gnu-toolchain-14.2.rel1-x86_64-arm-none-eabi/bin/../lib/gcc/arm-none-eabi/14.2.1/../../../../arm-none-eabi/lib/thumb/v8-m.main+fp/hard/libc_nano.a(libc_a-strtoul.o) (_ctype_)
/home/haopc/.mcuxpressotools/arm-gnu-toolchain-14.2.rel1-x86_64-arm-none-eabi/bin/../lib/gcc/arm-none-eabi/14.2.1/../../../../arm-none-eabi/lib/thumb/v8-m.main+fp/hard/libc_nano.a(libc_a-findfp.o)
                              /home/haopc/.mcuxpressotools/arm-gnu-toolchain-14.2.rel1-x86_64-arm-none-eabi/bin/../lib/gcc/arm-none-eabi/14.2.1/../../../../arm-none-eabi/lib/thumb/v8-m.main+fp/hard/libc_nano.a(libc_a-exit.o) (__stdio_exit_handler)
/home/haopc/.mcuxpressotools/arm-gnu-toolchain-14.2.rel1-x86_64-arm-none-eabi/bin/../lib/gcc/arm-none-eabi/14.2.1/../../../../arm-none-eabi/lib/thumb/v8-m.main+fp/hard/libc_nano.a(libc_a-fwalk.o)
                              /home/haopc/.mcuxpressotools/arm-gnu-toolchain-14.2.rel1-x86_64-arm-none-eabi/bin/../lib/gcc/arm-none-eabi/14.2.1/../../../../arm-none-eabi/lib/thumb/v8-m.main+fp/hard/libc_nano.a(libc_a-findfp.o) (_fwalk_sglue)
/home/haopc/.mcuxpressotools/arm-gnu-toolchain-14.2.rel1-x86_64-arm-none-eabi/bin/../lib/gcc/arm-none-eabi/14.2.1/../../../../arm-none-eabi/lib/thumb/v8-m.main+fp/hard/libc_nano.a(libc_a-stdio.o)
[...]
Memory Configuration

Name             Origin             Length             Attributes
m_interrupts     0x00000000         0x00000200         xr
m_text           0x00000200         0x000ffe00         xr
m_data           0x20000000         0x0001e000         rw
m_sramx0         0x04000000         0x00002000         rw
*default*        0x00000000         0xffffffff

Linker script and memory map

LOAD /home/haopc/.mcuxpressotools/arm-gnu-toolchain-14.2.rel1-x86_64-arm-none-eabi/bin/../lib/gcc/arm-none-eabi/14.2.1/thumb/v8-m.main+fp/hard/crti.o
LOAD /home/haopc/.mcuxpressotools/arm-gnu-toolchain-14.2.rel1-x86_64-arm-none-eabi/bin/../lib/gcc/arm-none-eabi/14.2.1/thumb/v8-m.main+fp/hard/crtbegin.o
LOAD /home/haopc/.mcuxpressotools/arm-gnu-toolchain-14.2.rel1-x86_64-arm-none-eabi/bin/../lib/gcc/arm-none-eabi/14.2.1/../../../../arm-none-eabi/lib/thumb/v8-m.main+fp/hard/crt0.o
                0x00000100                        __heap_size__ = 0x100
                0x00001000                        __stack_size__ = 0x1000
LOAD CMakeFiles/dev_hid_generic_freertos.elf.dir/home/haopc/workspace/project/usb_key_authen/src/core/mcxa156/frdmmcxa156_dev_hid_generic_freertos/hid_generic.c.obj
LOAD CMakeFiles/dev_hid_generic_freertos.elf.dir/home/haopc/workspace/project/usb_key_authen/src/core/mcxa156/frdmmcxa156_dev_hid_generic_freertos/usb_device_descriptor.c.obj
LOAD CMakeFiles/dev_hid_generic_freertos.elf.dir/home/haopc/workspace/project/usb_key_authen/src/core/mcxa156/frdmmcxa156_dev_hid_generic_freertos/hardware_init.c.obj
LOAD CMakeFiles/dev_hid_generic_freertos.elf.dir/home/haopc/workspace/project/usb_key_authen/src/core/mcxa156/frdmmcxa156_dev_hid_generic_freertos/pin_mux.c.obj
LOAD CMakeFiles/dev_hid_generic_freertos.elf.dir/home/haopc/workspace/project/usb_key_authen/src/core/mcxa156/frdmmcxa156_dev_hid_generic_freertos/board.c.obj
LOAD CMakeFiles/dev_hid_generic_freertos.elf.dir/home/haopc/workspace/project/usb_key_authen/src/core/mcxa156/frdmmcxa156_dev_hid_generic_freertos/clock_config.c.obj
LOAD CMakeFiles/dev_hid_generic_freertos.elf.dir/home/haopc/workspace/project/usb_key_authen/src/core/mcxa156/sdks/frdm_mcxa156_sdk/components/lists/fsl_component_generic_list.c.obj
LOAD CMakeFiles/dev_hid_generic_freertos.elf.dir/home/haopc/workspace/project/usb_key_authen/src/core/mcxa156/sdks/frdm_mcxa156_sdk/components/uart/fsl_adapter_lpuart.c.obj
LOAD CMakeFiles/dev_hid_generic_freertos.elf.dir/home/haopc/workspace/project/usb_key_authen/src/core/mcxa156/sdks/frdm_mcxa156_sdk/components/osa/fsl_os_abstraction_free_rtos.c.obj
LOAD CMakeFiles/dev_hid_generic_freertos.elf.dir/home/haopc/workspace/project/usb_key_authen/src/core/mcxa156/sdks/frdm_mcxa156_sdk/devices/MCXA156/gcc/startup_MCXA156.S.obj
LOAD CMakeFiles/dev_hid_generic_freertos.elf.dir/home/haopc/workspace/project/usb_key_authen/src/core/mcxa156/sdks/frdm_mcxa156_sdk/devices/MCXA156/system_MCXA156.c.obj
LOAD CMakeFiles/dev_hid_generic_freertos.elf.dir/home/haopc/workspace/project/usb_key_authen/src/core/mcxa156/sdks/frdm_mcxa156_sdk/devices/MCXA156/drivers/fsl_clock.c.obj
LOAD CMakeFiles/dev_hid_generic_freertos.elf.dir/home/haopc/workspace/project/usb_key_authen/src/core/mcxa156/sdks/frdm_mcxa156_sdk/devices/MCXA156/drivers/fsl_common.c.obj
LOAD CMakeFiles/dev_hid_generic_freertos.elf.dir/home/haopc/workspace/project/usb_key_authen/src/core/mcxa156/sdks/frdm_mcxa156_sdk/devices/MCXA156/drivers/fsl_common_arm.c.obj
LOAD CMakeFiles/dev_hid_generic_freertos.elf.dir/home/haopc/workspace/project/usb_key_authen/src/core/mcxa156/sdks/frdm_mcxa156_sdk/devices/MCXA156/drivers/fsl_gpio.c.obj
LOAD CMakeFiles/dev_hid_generic_freertos.elf.dir/home/haopc/workspace/project/usb_key_authen/src/core/mcxa156/sdks/frdm_mcxa156_sdk/devices/MCXA156/drivers/fsl_lpuart.c.obj
LOAD CMakeFiles/dev_hid_generic_freertos.elf.dir/home/haopc/workspace/project/usb_key_authen/src/core/mcxa156/sdks/frdm_mcxa156_sdk/devices/MCXA156/drivers/fsl_spc.c.obj
LOAD CMakeFiles/dev_hid_generic_freertos.elf.dir/home/haopc/workspace/project/usb_key_authen/src/core/mcxa156/sdks/frdm_mcxa156_sdk/devices/MCXA156/drivers/fsl_reset.c.obj
LOAD CMakeFiles/dev_hid_generic_freertos.elf.dir/home/haopc/workspace/project/usb_key_authen/src/core/mcxa156/sdks/frdm_mcxa156_sdk/rtos/freertos/freertos-kernel/croutine.c.obj
LOAD CMakeFiles/dev_hid_generic_freertos.elf.dir/home/haopc/workspace/project/usb_key_authen/src/core/mcxa156/sdks/frdm_mcxa156_sdk/rtos/freertos/freertos-kernel/event_groups.c.obj
LOAD CMakeFiles/dev_hid_generic_freertos.elf.dir/home/haopc/workspace/project/usb_key_authen/src/core/mcxa156/sdks/frdm_mcxa156_sdk/rtos/freertos/freertos-kernel/list.c.obj
LOAD CMakeFiles/dev_hid_generic_freertos.elf.dir/home/haopc/workspace/project/usb_key_authen/src/core/mcxa156/sdks/frdm_mcxa156_sdk/rtos/freertos/freertos-kernel/queue.c.obj
LOAD CMakeFiles/dev_hid_generic_freertos.elf.dir/home/haopc/workspace/project/usb_key_authen/src/core/mcxa156/sdks/frdm_mcxa156_sdk/rtos/freertos/freertos-kernel/stream_buffer.c.obj
LOAD CMakeFiles/dev_hid_generic_freertos.elf.dir/home/haopc/workspace/project/usb_key_authen/src/core/mcxa156/sdks/frdm_mcxa156_sdk/rtos/freertos/freertos-kernel/tasks.c.obj
LOAD CMakeFiles/dev_hid_generic_freertos.elf.dir/home/haopc/workspace/project/usb_key_authen/src/core/mcxa156/sdks/frdm_mcxa156_sdk/rtos/freertos/freertos-kernel/timers.c.obj
LOAD CMakeFiles/dev_hid_generic_freertos.elf.dir/home/haopc/workspace/project/usb_key_authen/src/core/mcxa156/sdks/frdm_mcxa156_sdk/rtos/freertos/freertos-kernel/portable/GCC/ARM_CM33_NTZ/non_secure/mpu_wrappers_v2_asm.c.obj
LOAD CMakeFiles/dev_hid_generic_freertos.elf.dir/home/haopc/workspace/project/usb_key_authen/src/core/mcxa156/sdks/frdm_mcxa156_sdk/rtos/freertos/freertos-kernel/portable/GCC/ARM_CM33_NTZ/non_secure/port.c.obj
LOAD CMakeFiles/dev_hid_generic_freertos.elf.dir/home/haopc/workspace/project/usb_key_authen/src/core/mcxa156/sdks/frdm_mcxa156_sdk/rtos/freertos/freertos-kernel/portable/GCC/ARM_CM33_NTZ/non_secure/portasm.c.obj
LOAD CMakeFiles/dev_hid_generic_freertos.elf.dir/home/haopc/workspace/project/usb_key_authen/src/core/mcxa156/sdks/frdm_mcxa156_sdk/rtos/freertos/freertos-kernel/portable/MemMang/heap_4.c.obj
LOAD CMakeFiles/dev_hid_generic_freertos.elf.dir/home/haopc/workspace/project/usb_key_authen/src/core/mcxa156/sdks/frdm_mcxa156_sdk/middleware/usb/device/usb_device_dci.c.obj
LOAD CMakeFiles/dev_hid_generic_freertos.elf.dir/home/haopc/workspace/project/usb_key_authen/src/core/mcxa156/sdks/frdm_mcxa156_sdk/middleware/usb/device/class/usb_device_hid.c.obj
LOAD CMakeFiles/dev_hid_generic_freertos.elf.dir/home/haopc/workspace/project/usb_key_authen/src/core/mcxa156/sdks/frdm_mcxa156_sdk/middleware/usb/device/usb_device_khci.c.obj
LOAD CMakeFiles/dev_hid_generic_freertos.elf.dir/home/haopc/workspace/project/usb_key_authen/src/core/mcxa156/sdks/frdm_mcxa156_sdk/middleware/usb/device/usb_device_ch9.c.obj
LOAD CMakeFiles/dev_hid_generic_freertos.elf.dir/home/haopc/workspace/project/usb_key_authen/src/core/mcxa156/sdks/frdm_mcxa156_sdk/middleware/usb/device/class/usb_device_class.c.obj
LOAD CMakeFiles/dev_hid_generic_freertos.elf.dir/home/haopc/workspace/project/usb_key_authen/src/core/mcxa156/sdks/frdm_mcxa156_sdk/devices/MCXA156/utilities/fsl_syscall_stub.c.obj
LOAD CMakeFiles/dev_hid_generic_freertos.elf.dir/home/haopc/workspace/project/usb_key_authen/src/core/mcxa156/sdks/frdm_mcxa156_sdk/devices/MCXA156/utilities/fsl_sbrk.c.obj
LOAD CMakeFiles/dev_hid_generic_freertos.elf.dir/home/haopc/workspace/project/usb_key_authen/src/core/mcxa156/sdks/frdm_mcxa156_sdk/devices/MCXA156/utilities/fsl_memcpy.S.obj
LOAD CMakeFiles/dev_hid_generic_freertos.elf.dir/home/haopc/workspace/project/usb_key_authen/src/core/mcxa156/sdks/frdm_mcxa156_sdk/devices/MCXA156/utilities/debug_console_lite/fsl_assert.c.obj
LOAD CMakeFiles/dev_hid_generic_freertos.elf.dir/home/haopc/workspace/project/usb_key_authen/src/core/mcxa156/sdks/frdm_mcxa156_sdk/devices/MCXA156/utilities/debug_console_lite/fsl_debug_console.c.obj
LOAD CMakeFiles/dev_hid_generic_freertos.elf.dir/home/haopc/workspace/project/usb_key_authen/src/core/mcxa156/sdks/frdm_mcxa156_sdk/devices/MCXA156/utilities/str/fsl_str.c.obj
START GROUP
LOAD /home/haopc/.mcuxpressotools/arm-gnu-toolchain-14.2.rel1-x86_64-arm-none-eabi/bin/../lib/gcc/arm-none-eabi/14.2.1/thumb/v8-m.main+fp/hard/libgcc.a
LOAD /home/haopc/.mcuxpressotools/arm-gnu-toolchain-14.2.rel1-x86_64-arm-none-eabi/bin/../lib/gcc/arm-none-eabi/14.2.1/../../../../arm-none-eabi/lib/thumb/v8-m.main+fp/hard/libc_nano.a
LOAD /home/haopc/.mcuxpressotools/arm-gnu-toolchain-14.2.rel1-x86_64-arm-none-eabi/bin/../lib/gcc/arm-none-eabi/14.2.1/../../../../arm-none-eabi/lib/thumb/v8-m.main+fp/hard/libm.a
LOAD /home/haopc/.mcuxpressotools/arm-gnu-toolchain-14.2.rel1-x86_64-arm-none-eabi/bin/../lib/gcc/arm-none-eabi/14.2.1/../../../../arm-none-eabi/lib/thumb/v8-m.main+fp/hard/libcr_newlib_nohost.a
END GROUP
START GROUP
LOAD /home/haopc/.mcuxpressotools/arm-gnu-toolchain-14.2.rel1-x86_64-arm-none-eabi/bin/../lib/gcc/arm-none-eabi/14.2.1/thumb/v8-m.main+fp/hard/libgcc.a
LOAD /home/haopc/.mcuxpressotools/arm-gnu-toolchain-14.2.rel1-x86_64-arm-none-eabi/bin/../lib/gcc/arm-none-eabi/14.2.1/../../../../arm-none-eabi/lib/thumb/v8-m.main+fp/hard/libg_nano.a
LOAD /home/haopc/.mcuxpressotools/arm-gnu-toolchain-14.2.rel1-x86_64-arm-none-eabi/bin/../lib/gcc/arm-none-eabi/14.2.1/../../../../arm-none-eabi/lib/thumb/v8-m.main+fp/hard/libc_nano.a
END GROUP
START GROUP
LOAD /home/haopc/.mcuxpressotools/arm-gnu-toolchain-14.2.rel1-x86_64-arm-none-eabi/bin/../lib/gcc/arm-none-eabi/14.2.1/thumb/v8-m.main+fp/hard/libgcc.a
LOAD /home/haopc/.mcuxpressotools/arm-gnu-toolchain-14.2.rel1-x86_64-arm-none-eabi/bin/../lib/gcc/arm-none-eabi/14.2.1/../../../../arm-none-eabi/lib/thumb/v8-m.main+fp/hard/libc_nano.a
LOAD /home/haopc/.mcuxpressotools/arm-gnu-toolchain-14.2.rel1-x86_64-arm-none-eabi/bin/../lib/gcc/arm-none-eabi/14.2.1/../../../../arm-none-eabi/lib/thumb/v8-m.main+fp/hard/libnosys.a
END GROUP
START GROUP
LOAD /home/haopc/.mcuxpressotools/arm-gnu-toolchain-14.2.rel1-x86_64-arm-none-eabi/bin/../lib/gcc/arm-none-eabi/14.2.1/thumb/v8-m.main+fp/hard/libgcc.a
LOAD /home/haopc/.mcuxpressotools/arm-gnu-toolchain-14.2.rel1-x86_64-arm-none-eabi/bin/../lib/gcc/arm-none-eabi/14.2.1/../../../../arm-none-eabi/lib/thumb/v8-m.main+fp/hard/libc_nano.a
LOAD /home/haopc/.mcuxpressotools/arm-gnu-toolchain-14.2.rel1-x86_64-arm-none-eabi/bin/../lib/gcc/arm-none-eabi/14.2.1/../../../../arm-none-eabi/lib/thumb/v8-m.main+fp/hard/libnosys.a
END GROUP
LOAD /home/haopc/.mcuxpressotools/arm-gnu-toolchain-14.2.rel1-x86_64-arm-none-eabi/bin/../lib/gcc/arm-none-eabi/14.2.1/thumb/v8-m.main+fp/hard/crtend.o
LOAD /home/haopc/.mcuxpressotools/arm-gnu-toolchain-14.2.rel1-x86_64-arm-none-eabi/bin/../lib/gcc/arm-none-eabi/14.2.1/thumb/v8-m.main+fp/hard/crtn.o
                0x00000100                        HEAP_SIZE = DEFINED (__heap_size__)?__heap_size__:0x400
                0x00001000                        STACK_SIZE = DEFINED (__stack_size__)?__stack_size__:0x800

.interrupts     0x00000000      0x1a4
                0x00000000                        . = ALIGN (0x4)
 *(.isr_vector)
 .isr_vector    0x00000000      0x1a4 CMakeFiles/dev_hid_generic_freertos.elf.dir/home/haopc/workspace/project/usb_key_authen/src/core/mcxa156/sdks/frdm_mcxa156_sdk/devices/MCXA156/gcc/startup_MCXA156.S.obj
                0x00000000                __Vectors
                0x000001a4                        . = ALIGN (0x4)

.text           0x00000200     0x9bf8
                0x00000200                        . = ALIGN (0x4)
 *(.text)
 .text          0x00000200       0x7c /home/haopc/.mcuxpressotools/arm-gnu-toolchain-14.2.rel1-x86_64-arm-none-eabi/bin/../lib/gcc/arm-none-eabi/14.2.1/../../../../arm-none-eabi/lib/thumb/v8-m.main+fp/hard/crt0.o
                0x00000200                _stack_init
                0x00000208                _mainCRTStartup
                0x00000208                _start
 .text          0x0000027c      0x388 CMakeFiles/dev_hid_generic_freertos.elf.dir/home/haopc/workspace/project/usb_key_authen/src/core/mcxa156/sdks/frdm_mcxa156_sdk/devices/MCXA156/gcc/startup_MCXA156.S.obj
                0x0000027c                Reset_Handler
                0x00000310                GLIKEY0_DriverIRQHandler
                0x00000310                CMC_DriverIRQHandler
                0x00000310                GPIO4_DriverIRQHandler
                0x00000310                WUU0_DriverIRQHandler
                0x00000310                DebugMon_Handler
                0x00000310                I3C0_DriverIRQHandler
                0x00000310                QDC1_HOME_DriverIRQHandler
                0x00000310                WAKETIMER0_DriverIRQHandler
                0x00000310                MBC0_DriverIRQHandler
                0x00000310                LPTMR0_DriverIRQHandler
                0x00000310                FLEXPWM1_SUBMODULE1_DriverIRQHandler
                0x00000310                FLEXPWM0_SUBMODULE1_DriverIRQHandler
                0x00000310                LPI2C0_DriverIRQHandler
                0x00000310                Reserved100_DriverIRQHandler
                0x00000310                FLEXPWM0_RELOAD_ERROR_DriverIRQHandler
                0x00000310                QDC0_HOME_DriverIRQHandler
                0x00000310                Reserved82_DriverIRQHandler
                0x00000310                DMA_CH5_DriverIRQHandler
                0x00000310                DMA_CH6_DriverIRQHandler
                0x00000310                LPI2C3_DriverIRQHandler
                0x00000310                QDC0_WATCHDOG_DriverIRQHandler
                0x00000310                ERM0_MULTI_BIT_DriverIRQHandler
                0x00000310                Reserved36_DriverIRQHandler
                0x00000310                CTIMER2_DriverIRQHandler
                0x00000310                UsageFault_Handler
                0x00000310                CMP1_DriverIRQHandler
                0x00000310                DefaultISR
                0x00000310                USB0_DriverIRQHandler
                0x00000310                QDC0_INDEX_DriverIRQHandler
                0x00000310                QDC1_WATCHDOG_DriverIRQHandler
                0x00000310                FLEXIO_DriverIRQHandler
                0x00000310                DAC0_DriverIRQHandler
                0x00000310                UTICK0_DriverIRQHandler
                0x00000310                Reserved41_DriverIRQHandler
                0x00000310                FLEXPWM0_SUBMODULE2_DriverIRQHandler
                0x00000310                WWDT0_DriverIRQHandler
                0x00000310                Reserved84_DriverIRQHandler
                0x00000310                DMA_CH7_DriverIRQHandler
                0x00000310                CTIMER4_DriverIRQHandler
                0x00000310                FLEXPWM0_FAULT_DriverIRQHandler
                0x00000310                DMA_CH4_DriverIRQHandler
                0x00000310                GPIO0_DriverIRQHandler
                0x00000310                Reserved38_DriverIRQHandler
                0x00000310                FREQME0_DriverIRQHandler
                0x00000310                Reserved53_DriverIRQHandler
                0x00000310                FLEXPWM1_FAULT_DriverIRQHandler
                0x00000310                CTIMER0_DriverIRQHandler
                0x00000310                CTIMER1_DriverIRQHandler
                0x00000310                QDC0_COMPARE_DriverIRQHandler
                0x00000310                SecureFault_Handler
                0x00000310                ADC1_DriverIRQHandler
                0x00000310                QDC1_INDEX_DriverIRQHandler
                0x00000310                Reserved92_DriverIRQHandler
                0x00000310                CTIMER3_DriverIRQHandler
                0x00000310                FLEXPWM1_SUBMODULE0_DriverIRQHandler
                0x00000310                LPSPI0_DriverIRQHandler
                0x00000310                DMA_CH3_DriverIRQHandler
                0x00000310                Reserved72_DriverIRQHandler
                0x00000310                VBAT0_DriverIRQHandler
                0x00000310                Reserved65_DriverIRQHandler
                0x00000310                ERM0_SINGLE_BIT_DriverIRQHandler
                0x00000310                DMA_CH2_DriverIRQHandler
                0x00000310                MemManage_Handler
                0x00000310                FLEXPWM1_RELOAD_ERROR_DriverIRQHandler
                0x00000310                LPI2C1_DriverIRQHandler
                0x00000310                FMU0_DriverIRQHandler
                0x00000310                QDC1_COMPARE_DriverIRQHandler
                0x00000310                LPSPI1_DriverIRQHandler
                0x00000310                Reserved77_DriverIRQHandler
                0x00000310                FLEXPWM1_SUBMODULE2_DriverIRQHandler
                0x00000310                Reserved16_DriverIRQHandler
                0x00000310                GPIO2_DriverIRQHandler
                0x00000310                Reserved85_DriverIRQHandler
                0x00000310                ADC0_DriverIRQHandler
                0x00000310                CMP0_DriverIRQHandler
                0x00000310                CDOG0_DriverIRQHandler
                0x00000310                CAN0_DriverIRQHandler
                0x00000310                DMA_CH0_DriverIRQHandler
                0x00000310                DMA_CH1_DriverIRQHandler
                0x00000310                SPC0_DriverIRQHandler
                0x00000310                BusFault_Handler
                0x00000310                Reserved46_DriverIRQHandler
                0x00000310                Reserved37_DriverIRQHandler
                0x00000310                LPI2C2_DriverIRQHandler
                0x00000310                Reserved86_DriverIRQHandler
                0x00000310                GPIO1_DriverIRQHandler
                0x00000310                FLEXPWM0_SUBMODULE0_DriverIRQHandler
                0x00000310                OS_EVENT_DriverIRQHandler
                0x00000310                SCG0_DriverIRQHandler
                0x00000310                GPIO3_DriverIRQHandler
                0x00000314                NMI_Handler
                0x00000318                HardFault_Handler
                0x00000328                Reserved16_IRQHandler
                0x0000032c                CMC_IRQHandler
                0x00000330                DMA_CH0_IRQHandler
                0x00000334                DMA_CH1_IRQHandler
                0x00000338                DMA_CH2_IRQHandler
                0x0000033c                DMA_CH3_IRQHandler
                0x00000340                DMA_CH4_IRQHandler
                0x00000344                DMA_CH5_IRQHandler
                0x00000348                DMA_CH6_IRQHandler
                0x0000034c                DMA_CH7_IRQHandler
                0x00000350                ERM0_SINGLE_BIT_IRQHandler
                0x00000354                ERM0_MULTI_BIT_IRQHandler
                0x00000358                FMU0_IRQHandler
                0x0000035c                GLIKEY0_IRQHandler
                0x00000360                MBC0_IRQHandler
                0x00000364                SCG0_IRQHandler
                0x00000368                SPC0_IRQHandler
                0x0000036c                VBAT0_IRQHandler
                0x00000370                WUU0_IRQHandler
                0x00000374                CAN0_IRQHandler
                0x00000378                Reserved36_IRQHandler
                0x0000037c                Reserved37_IRQHandler
                0x00000380                Reserved38_IRQHandler
                0x00000384                FLEXIO_IRQHandler
                0x00000388                I3C0_IRQHandler
                0x0000038c                Reserved41_IRQHandler
                0x00000390                LPI2C0_IRQHandler
                0x00000394                LPI2C1_IRQHandler
                0x00000398                LPSPI0_IRQHandler
                0x0000039c                LPSPI1_IRQHandler
                0x000003a0                Reserved46_IRQHandler
                0x000003a4                LPUART0_IRQHandler
                0x000003a8                LPUART1_IRQHandler
                0x000003ac                LPUART2_IRQHandler
                0x000003b0                LPUART3_IRQHandler
                0x000003b4                LPUART4_IRQHandler
                0x000003bc                Reserved53_IRQHandler
                0x000003c0                CDOG0_IRQHandler
                0x000003c4                CTIMER0_IRQHandler
                0x000003c8                CTIMER1_IRQHandler
                0x000003cc                CTIMER2_IRQHandler
                0x000003d0                CTIMER3_IRQHandler
                0x000003d4                CTIMER4_IRQHandler
                0x000003d8                FLEXPWM0_RELOAD_ERROR_IRQHandler
                0x000003dc                FLEXPWM0_FAULT_IRQHandler
                0x000003e0                FLEXPWM0_SUBMODULE0_IRQHandler
                0x000003e4                FLEXPWM0_SUBMODULE1_IRQHandler
                0x000003e8                FLEXPWM0_SUBMODULE2_IRQHandler
                0x000003ec                Reserved65_IRQHandler
                0x000003f0                QDC0_COMPARE_IRQHandler
                0x000003f4                QDC0_HOME_IRQHandler
                0x000003f8                QDC0_WATCHDOG_IRQHandler
                0x000003fc                QDC0_INDEX_IRQHandler
                0x00000400                FREQME0_IRQHandler
                0x00000404                LPTMR0_IRQHandler
                0x00000408                Reserved72_IRQHandler
                0x0000040c                OS_EVENT_IRQHandler
                0x00000410                WAKETIMER0_IRQHandler
                0x00000414                UTICK0_IRQHandler
                0x00000418                WWDT0_IRQHandler
                0x0000041c                Reserved77_IRQHandler
                0x00000420                ADC0_IRQHandler
                0x00000424                ADC1_IRQHandler
                0x00000428                CMP0_IRQHandler
                0x0000042c                CMP1_IRQHandler
                0x00000430                Reserved82_IRQHandler
                0x00000434                DAC0_IRQHandler
                0x00000438                Reserved84_IRQHandler
                0x0000043c                Reserved85_IRQHandler
                0x00000440                Reserved86_IRQHandler
                0x00000444                GPIO0_IRQHandler
                0x00000448                GPIO1_IRQHandler
                0x0000044c                GPIO2_IRQHandler
                0x00000450                GPIO3_IRQHandler
                0x00000454                GPIO4_IRQHandler
                0x00000458                Reserved92_IRQHandler
                0x0000045c                LPI2C2_IRQHandler
                0x00000460                LPI2C3_IRQHandler
                0x00000464                FLEXPWM1_RELOAD_ERROR_IRQHandler
                0x00000468                FLEXPWM1_FAULT_IRQHandler
                0x0000046c                FLEXPWM1_SUBMODULE0_IRQHandler
                0x00000470                FLEXPWM1_SUBMODULE1_IRQHandler
                0x00000474                FLEXPWM1_SUBMODULE2_IRQHandler
                0x00000478                Reserved100_IRQHandler
                0x0000047c                QDC1_COMPARE_IRQHandler
                0x00000480                QDC1_HOME_IRQHandler
                0x00000484                QDC1_WATCHDOG_IRQHandler
                0x00000488                QDC1_INDEX_IRQHandler
 .text          0x00000604       0xa0 CMakeFiles/dev_hid_generic_freertos.elf.dir/home/haopc/workspace/project/usb_key_authen/src/core/mcxa156/sdks/frdm_mcxa156_sdk/devices/MCXA156/utilities/fsl_memcpy.S.obj
                0x00000604                memcpy
 .text          0x000006a4       0x30 /home/haopc/.mcuxpressotools/arm-gnu-toolchain-14.2.rel1-x86_64-arm-none-eabi/bin/../lib/gcc/arm-none-eabi/14.2.1/thumb/v8-m.main+fp/hard/libgcc.a(_aeabi_uldivmod.o)
                0x000006a4                __aeabi_uldivmod
 .text          0x000006d4        0x4 /home/haopc/.mcuxpressotools/arm-gnu-toolchain-14.2.rel1-x86_64-arm-none-eabi/bin/../lib/gcc/arm-none-eabi/14.2.1/thumb/v8-m.main+fp/hard/libgcc.a(_dvmd_tls.o)
                0x000006d4                __aeabi_ldiv0
                0x000006d4                __aeabi_idiv0
 .text          0x000006d8       0x10 /home/haopc/.mcuxpressotools/arm-gnu-toolchain-14.2.rel1-x86_64-arm-none-eabi/bin/../lib/gcc/arm-none-eabi/14.2.1/../../../../arm-none-eabi/lib/thumb/v8-m.main+fp/hard/libc_nano.a(libc_a-strlen.o)
                0x000006d8                strlen
 *(.text*)
 .text.deregister_tm_clones
                0x000006e8       0x1c /home/haopc/.mcuxpressotools/arm-gnu-toolchain-14.2.rel1-x86_64-arm-none-eabi/bin/../lib/gcc/arm-none-eabi/14.2.1/thumb/v8-m.main+fp/hard/crtbegin.o
 .text.register_tm_clones
                0x00000704       0x28 /home/haopc/.mcuxpressotools/arm-gnu-toolchain-14.2.rel1-x86_64-arm-none-eabi/bin/../lib/gcc/arm-none-eabi/14.2.1/thumb/v8-m.main+fp/hard/crtbegin.o
 .text.__do_global_dtors_aux
                0x0000072c       0x28 /home/haopc/.mcuxpressotools/arm-gnu-toolchain-14.2.rel1-x86_64-arm-none-eabi/bin/../lib/gcc/arm-none-eabi/14.2.1/thumb/v8-m.main+fp/hard/crtbegin.o
 .text.frame_dummy
                0x00000754       0x24 /home/haopc/.mcuxpressotools/arm-gnu-toolchain-14.2.rel1-x86_64-arm-none-eabi/bin/../lib/gcc/arm-none-eabi/14.2.1/thumb/v8-m.main+fp/hard/crtbegin.o
 .text.USB_DeviceHidGenericCallback
                0x00000778       0xe4 CMakeFiles/dev_hid_generic_freertos.elf.dir/home/haopc/workspace/project/usb_key_authen/src/core/mcxa156/frdmmcxa156_dev_hid_generic_freertos/hid_generic.c.obj
 .text.USB_DeviceCallback
                0x0000085c      0x1ec CMakeFiles/dev_hid_generic_freertos.elf.dir/home/haopc/workspace/project/usb_key_authen/src/core/mcxa156/frdmmcxa156_dev_hid_generic_freertos/hid_generic.c.obj
 .text.USB_DeviceApplicationInit
                0x00000a48       0x8c CMakeFiles/dev_hid_generic_freertos.elf.dir/home/haopc/workspace/project/usb_key_authen/src/core/mcxa156/frdmmcxa156_dev_hid_generic_freertos/hid_generic.c.obj
 .text.APP_task
                0x00000ad4       0x10 CMakeFiles/dev_hid_generic_freertos.elf.dir/home/haopc/workspace/project/usb_key_authen/src/core/mcxa156/frdmmcxa156_dev_hid_generic_freertos/hid_generic.c.obj
                0x00000ad4                APP_task
 .text.main     0x00000ae4       0x50 CMakeFiles/dev_hid_generic_freertos.elf.dir/home/haopc/workspace/project/usb_key_authen/src/core/mcxa156/frdmmcxa156_dev_hid_generic_freertos/hid_generic.c.obj
                0x00000ae4                main
 .text.USB_DeviceGetDeviceDescriptor
                0x00000b34       0x28 CMakeFiles/dev_hid_generic_freertos.elf.dir/home/haopc/workspace/project/usb_key_authen/src/core/mcxa156/frdmmcxa156_dev_hid_generic_freertos/usb_device_descriptor.c.obj
                0x00000b34                USB_DeviceGetDeviceDescriptor
 .text.USB_DeviceGetConfigurationDescriptor
                0x00000b5c       0x34 CMakeFiles/dev_hid_generic_freertos.elf.dir/home/haopc/workspace/project/usb_key_authen/src/core/mcxa156/frdmmcxa156_dev_hid_generic_freertos/usb_device_descriptor.c.obj
                0x00000b5c                USB_DeviceGetConfigurationDescriptor
 .text.USB_DeviceGetStringDescriptor
                0x00000b90       0xdc CMakeFiles/dev_hid_generic_freertos.elf.dir/home/haopc/workspace/project/usb_key_authen/src/core/mcxa156/frdmmcxa156_dev_hid_generic_freertos/usb_device_descriptor.c.obj
                0x00000b90                USB_DeviceGetStringDescriptor
 .text.USB_DeviceGetHidDescriptor
                0x00000c6c       0x34 CMakeFiles/dev_hid_generic_freertos.elf.dir/home/haopc/workspace/project/usb_key_authen/src/core/mcxa156/frdmmcxa156_dev_hid_generic_freertos/usb_device_descriptor.c.obj
                0x00000c6c                USB_DeviceGetHidDescriptor
 .text.USB_DeviceGetHidReportDescriptor
                0x00000ca0       0x34 CMakeFiles/dev_hid_generic_freertos.elf.dir/home/haopc/workspace/project/usb_key_authen/src/core/mcxa156/frdmmcxa156_dev_hid_generic_freertos/usb_device_descriptor.c.obj
                0x00000ca0                USB_DeviceGetHidReportDescriptor
 .text.USB_DeviceGetHidPhysicalDescriptor
                0x00000cd4       0x18 CMakeFiles/dev_hid_generic_freertos.elf.dir/home/haopc/workspace/project/usb_key_authen/src/core/mcxa156/frdmmcxa156_dev_hid_generic_freertos/usb_device_descriptor.c.obj
                0x00000cd4                USB_DeviceGetHidPhysicalDescriptor
 .text.__NVIC_EnableIRQ
                0x00000cec       0x3c CMakeFiles/dev_hid_generic_freertos.elf.dir/home/haopc/workspace/project/usb_key_authen/src/core/mcxa156/frdmmcxa156_dev_hid_generic_freertos/hardware_init.c.obj
 .text.__NVIC_SetPriority
                0x00000d28       0x54 CMakeFiles/dev_hid_generic_freertos.elf.dir/home/haopc/workspace/project/usb_key_authen/src/core/mcxa156/frdmmcxa156_dev_hid_generic_freertos/hardware_init.c.obj
 .text.EnableIRQ
                0x00000d7c       0x32 CMakeFiles/dev_hid_generic_freertos.elf.dir/home/haopc/workspace/project/usb_key_authen/src/core/mcxa156/frdmmcxa156_dev_hid_generic_freertos/hardware_init.c.obj
 .text.BOARD_InitHardware
                0x00000dae       0x14 CMakeFiles/dev_hid_generic_freertos.elf.dir/home/haopc/workspace/project/usb_key_authen/src/core/mcxa156/frdmmcxa156_dev_hid_generic_freertos/hardware_init.c.obj
                0x00000dae                BOARD_InitHardware
 *fill*         0x00000dc2        0x2 
 .text.USB0_IRQHandler
                0x00000dc4       0x18 CMakeFiles/dev_hid_generic_freertos.elf.dir/home/haopc/workspace/project/usb_key_authen/src/core/mcxa156/frdmmcxa156_dev_hid_generic_freertos/hardware_init.c.obj
                0x00000dc4                USB0_IRQHandler
 .text.USB_DeviceClockInit
                0x00000ddc       0x12 CMakeFiles/dev_hid_generic_freertos.elf.dir/home/haopc/workspace/project/usb_key_authen/src/core/mcxa156/frdmmcxa156_dev_hid_generic_freertos/hardware_init.c.obj
                0x00000ddc                USB_DeviceClockInit
 .text.USB_DeviceIsrEnable
                0x00000dee       0x2c CMakeFiles/dev_hid_generic_freertos.elf.dir/home/haopc/workspace/project/usb_key_authen/src/core/mcxa156/frdmmcxa156_dev_hid_generic_freertos/hardware_init.c.obj
                0x00000dee                USB_DeviceIsrEnable
 *fill*         0x00000e1a        0x2 
 .text.CLOCK_EnableClock
                0x00000e1c       0xb0 CMakeFiles/dev_hid_generic_freertos.elf.dir/home/haopc/workspace/project/usb_key_authen/src/core/mcxa156/frdmmcxa156_dev_hid_generic_freertos/pin_mux.c.obj
 .text.RESET_ReleasePeripheralReset
                0x00000ecc       0x1a CMakeFiles/dev_hid_generic_freertos.elf.dir/home/haopc/workspace/project/usb_key_authen/src/core/mcxa156/frdmmcxa156_dev_hid_generic_freertos/pin_mux.c.obj
 *fill*         0x00000ee6        0x2 
 .text.PORT_SetPinConfig
                0x00000ee8       0x48 CMakeFiles/dev_hid_generic_freertos.elf.dir/home/haopc/workspace/project/usb_key_authen/src/core/mcxa156/frdmmcxa156_dev_hid_generic_freertos/pin_mux.c.obj
 .text.BOARD_InitBootPins
                0x00000f30        0xc CMakeFiles/dev_hid_generic_freertos.elf.dir/home/haopc/workspace/project/usb_key_authen/src/core/mcxa156/frdmmcxa156_dev_hid_generic_freertos/pin_mux.c.obj
                0x00000f30                BOARD_InitBootPins
 .text.BOARD_InitPins
                0x00000f3c       0x80 CMakeFiles/dev_hid_generic_freertos.elf.dir/home/haopc/workspace/project/usb_key_authen/src/core/mcxa156/frdmmcxa156_dev_hid_generic_freertos/pin_mux.c.obj
                0x00000f3c                BOARD_InitPins
 .text.BOARD_InitDebugConsole
                0x00000fbc       0x34 CMakeFiles/dev_hid_generic_freertos.elf.dir/home/haopc/workspace/project/usb_key_authen/src/core/mcxa156/frdmmcxa156_dev_hid_generic_freertos/board.c.obj
                0x00000fbc                BOARD_InitDebugConsole
 .text.BOARD_InitBootClocks
                0x00000ff0        0xc CMakeFiles/dev_hid_generic_freertos.elf.dir/home/haopc/workspace/project/usb_key_authen/src/core/mcxa156/frdmmcxa156_dev_hid_generic_freertos/clock_config.c.obj
                0x00000ff0                BOARD_InitBootClocks
 .text.BOARD_BootClockFRO96M
                0x00000ffc       0xd0 CMakeFiles/dev_hid_generic_freertos.elf.dir/home/haopc/workspace/project/usb_key_authen/src/core/mcxa156/frdmmcxa156_dev_hid_generic_freertos/clock_config.c.obj
                0x00000ffc                BOARD_BootClockFRO96M
 .text.HAL_UartGetStatus
                0x000010cc       0x28 CMakeFiles/dev_hid_generic_freertos.elf.dir/home/haopc/workspace/project/usb_key_authen/src/core/mcxa156/sdks/frdm_mcxa156_sdk/components/uart/fsl_adapter_lpuart.c.obj
 .text.HAL_UartInitCommon
                0x000010f4       0xe0 CMakeFiles/dev_hid_generic_freertos.elf.dir/home/haopc/workspace/project/usb_key_authen/src/core/mcxa156/sdks/frdm_mcxa156_sdk/components/uart/fsl_adapter_lpuart.c.obj
 .text.HAL_UartInit
                0x000011d4       0xac CMakeFiles/dev_hid_generic_freertos.elf.dir/home/haopc/workspace/project/usb_key_authen/src/core/mcxa156/sdks/frdm_mcxa156_sdk/components/uart/fsl_adapter_lpuart.c.obj
                0x000011d4                HAL_UartInit
 .text.HAL_UartReceiveBlocking
                0x00001280       0x8c CMakeFiles/dev_hid_generic_freertos.elf.dir/home/haopc/workspace/project/usb_key_authen/src/core/mcxa156/sdks/frdm_mcxa156_sdk/components/uart/fsl_adapter_lpuart.c.obj
                0x00001280                HAL_UartReceiveBlocking
 .text.HAL_UartSendBlocking
                0x0000130c       0x84 CMakeFiles/dev_hid_generic_freertos.elf.dir/home/haopc/workspace/project/usb_key_authen/src/core/mcxa156/sdks/frdm_mcxa156_sdk/components/uart/fsl_adapter_lpuart.c.obj
                0x0000130c                HAL_UartSendBlocking
 .text.OSA_EnterCritical
                0x00001390       0x2c CMakeFiles/dev_hid_generic_freertos.elf.dir/home/haopc/workspace/project/usb_key_authen/src/core/mcxa156/sdks/frdm_mcxa156_sdk/components/osa/fsl_os_abstraction_free_rtos.c.obj
                0x00001390                OSA_EnterCritical
 .text.OSA_ExitCritical
                0x000013bc       0x28 CMakeFiles/dev_hid_generic_freertos.elf.dir/home/haopc/workspace/project/usb_key_authen/src/core/mcxa156/sdks/frdm_mcxa156_sdk/components/osa/fsl_os_abstraction_free_rtos.c.obj
                0x000013bc                OSA_ExitCritical
 .text.SystemInit
                0x000013e4      0x1a4 CMakeFiles/dev_hid_generic_freertos.elf.dir/home/haopc/workspace/project/usb_key_authen/src/core/mcxa156/sdks/frdm_mcxa156_sdk/devices/MCXA156/system_MCXA156.c.obj
                0x000013e4                SystemInit
 .text.SystemInitHook
                0x00001588        0xe CMakeFiles/dev_hid_generic_freertos.elf.dir/home/haopc/workspace/project/usb_key_authen/src/core/mcxa156/sdks/frdm_mcxa156_sdk/devices/MCXA156/system_MCXA156.c.obj
                0x00001588                SystemInitHook
 *fill*         0x00001596        0x2 
 .text.CLOCK_EnableClock
                0x00001598       0xb0 CMakeFiles/dev_hid_generic_freertos.elf.dir/home/haopc/workspace/project/usb_key_authen/src/core/mcxa156/sdks/frdm_mcxa156_sdk/devices/MCXA156/drivers/fsl_clock.c.obj
 .text.CLOCK_AttachClk
                0x00001648       0x30 CMakeFiles/dev_hid_generic_freertos.elf.dir/home/haopc/workspace/project/usb_key_authen/src/core/mcxa156/sdks/frdm_mcxa156_sdk/devices/MCXA156/drivers/fsl_clock.c.obj
                0x00001648                CLOCK_AttachClk
 .text.CLOCK_SetClockSelect
                0x00001678       0xa4 CMakeFiles/dev_hid_generic_freertos.elf.dir/home/haopc/workspace/project/usb_key_authen/src/core/mcxa156/sdks/frdm_mcxa156_sdk/devices/MCXA156/drivers/fsl_clock.c.obj
                0x00001678                CLOCK_SetClockSelect
 .text.CLOCK_SetClockDiv
                0x0000171c       0x88 CMakeFiles/dev_hid_generic_freertos.elf.dir/home/haopc/workspace/project/usb_key_authen/src/core/mcxa156/sdks/frdm_mcxa156_sdk/devices/MCXA156/drivers/fsl_clock.c.obj
                0x0000171c                CLOCK_SetClockDiv
 .text.CLOCK_SetupFROHFClocking
                0x000017a4       0xf8 CMakeFiles/dev_hid_generic_freertos.elf.dir/home/haopc/workspace/project/usb_key_authen/src/core/mcxa156/sdks/frdm_mcxa156_sdk/devices/MCXA156/drivers/fsl_clock.c.obj
                0x000017a4                CLOCK_SetupFROHFClocking
 .text.CLOCK_SetupFRO12MClocking
                0x0000189c       0x54 CMakeFiles/dev_hid_generic_freertos.elf.dir/home/haopc/workspace/project/usb_key_authen/src/core/mcxa156/sdks/frdm_mcxa156_sdk/devices/MCXA156/drivers/fsl_clock.c.obj
                0x0000189c                CLOCK_SetupFRO12MClocking
 .text.CLOCK_GetFro12MFreq
                0x000018f0       0x2c CMakeFiles/dev_hid_generic_freertos.elf.dir/home/haopc/workspace/project/usb_key_authen/src/core/mcxa156/sdks/frdm_mcxa156_sdk/devices/MCXA156/drivers/fsl_clock.c.obj
 .text.CLOCK_GetFroHfFreq
                0x0000191c       0xc0 CMakeFiles/dev_hid_generic_freertos.elf.dir/home/haopc/workspace/project/usb_key_authen/src/core/mcxa156/sdks/frdm_mcxa156_sdk/devices/MCXA156/drivers/fsl_clock.c.obj
 .text.CLOCK_GetClk16KFreq
                0x000019dc       0x44 CMakeFiles/dev_hid_generic_freertos.elf.dir/home/haopc/workspace/project/usb_key_authen/src/core/mcxa156/sdks/frdm_mcxa156_sdk/devices/MCXA156/drivers/fsl_clock.c.obj
 .text.CLOCK_GetExtClkFreq
                0x00001a20       0x2c CMakeFiles/dev_hid_generic_freertos.elf.dir/home/haopc/workspace/project/usb_key_authen/src/core/mcxa156/sdks/frdm_mcxa156_sdk/devices/MCXA156/drivers/fsl_clock.c.obj
 .text.CLOCK_GetMainClk
                0x00001a4c       0x68 CMakeFiles/dev_hid_generic_freertos.elf.dir/home/haopc/workspace/project/usb_key_authen/src/core/mcxa156/sdks/frdm_mcxa156_sdk/devices/MCXA156/drivers/fsl_clock.c.obj
                0x00001a4c                CLOCK_GetMainClk
 .text.CLOCK_GetCoreSysClkFreq
                0x00001ab4       0x20 CMakeFiles/dev_hid_generic_freertos.elf.dir/home/haopc/workspace/project/usb_key_authen/src/core/mcxa156/sdks/frdm_mcxa156_sdk/devices/MCXA156/drivers/fsl_clock.c.obj
                0x00001ab4                CLOCK_GetCoreSysClkFreq
 .text.CLOCK_EnableUsbfsClock
                0x00001ad4       0x50 CMakeFiles/dev_hid_generic_freertos.elf.dir/home/haopc/workspace/project/usb_key_authen/src/core/mcxa156/sdks/frdm_mcxa156_sdk/devices/MCXA156/drivers/fsl_clock.c.obj
                0x00001ad4                CLOCK_EnableUsbfsClock
 .text.DelayLoop
                0x00001b24       0x20 CMakeFiles/dev_hid_generic_freertos.elf.dir/home/haopc/workspace/project/usb_key_authen/src/core/mcxa156/sdks/frdm_mcxa156_sdk/devices/MCXA156/drivers/fsl_common_arm.c.obj
 .text.SDK_DelayAtLeastUs
                0x00001b44       0x98 CMakeFiles/dev_hid_generic_freertos.elf.dir/home/haopc/workspace/project/usb_key_authen/src/core/mcxa156/sdks/frdm_mcxa156_sdk/devices/MCXA156/drivers/fsl_common_arm.c.obj
                0x00001b44                SDK_DelayAtLeastUs
 .text.CLOCK_EnableClock
                0x00001bdc       0xb0 CMakeFiles/dev_hid_generic_freertos.elf.dir/home/haopc/workspace/project/usb_key_authen/src/core/mcxa156/sdks/frdm_mcxa156_sdk/devices/MCXA156/drivers/fsl_lpuart.c.obj
 .text.RESET_ReleasePeripheralReset
                0x00001c8c       0x1a CMakeFiles/dev_hid_generic_freertos.elf.dir/home/haopc/workspace/project/usb_key_authen/src/core/mcxa156/sdks/frdm_mcxa156_sdk/devices/MCXA156/drivers/fsl_lpuart.c.obj
 .text.LPUART_SoftwareReset
                0x00001ca6       0x2c CMakeFiles/dev_hid_generic_freertos.elf.dir/home/haopc/workspace/project/usb_key_authen/src/core/mcxa156/sdks/frdm_mcxa156_sdk/devices/MCXA156/drivers/fsl_lpuart.c.obj
 *fill*         0x00001cd2        0x2 
 .text.LPUART_GetInstance
                0x00001cd4       0x58 CMakeFiles/dev_hid_generic_freertos.elf.dir/home/haopc/workspace/project/usb_key_authen/src/core/mcxa156/sdks/frdm_mcxa156_sdk/devices/MCXA156/drivers/fsl_lpuart.c.obj
                0x00001cd4                LPUART_GetInstance
 .text.LPUART_Init
                0x00001d2c      0x34c CMakeFiles/dev_hid_generic_freertos.elf.dir/home/haopc/workspace/project/usb_key_authen/src/core/mcxa156/sdks/frdm_mcxa156_sdk/devices/MCXA156/drivers/fsl_lpuart.c.obj
                0x00001d2c                LPUART_Init
 .text.LPUART_GetDefaultConfig
                0x00002078       0x98 CMakeFiles/dev_hid_generic_freertos.elf.dir/home/haopc/workspace/project/usb_key_authen/src/core/mcxa156/sdks/frdm_mcxa156_sdk/devices/MCXA156/drivers/fsl_lpuart.c.obj
                0x00002078                LPUART_GetDefaultConfig
 .text.LPUART_GetStatusFlags
                0x00002110       0x38 CMakeFiles/dev_hid_generic_freertos.elf.dir/home/haopc/workspace/project/usb_key_authen/src/core/mcxa156/sdks/frdm_mcxa156_sdk/devices/MCXA156/drivers/fsl_lpuart.c.obj
                0x00002110                LPUART_GetStatusFlags
 .text.LPUART_ClearStatusFlags
                0x00002148       0x7c CMakeFiles/dev_hid_generic_freertos.elf.dir/home/haopc/workspace/project/usb_key_authen/src/core/mcxa156/sdks/frdm_mcxa156_sdk/devices/MCXA156/drivers/fsl_lpuart.c.obj
                0x00002148                LPUART_ClearStatusFlags
 .text.LPUART_WriteBlocking
                0x000021c4       0x78 CMakeFiles/dev_hid_generic_freertos.elf.dir/home/haopc/workspace/project/usb_key_authen/src/core/mcxa156/sdks/frdm_mcxa156_sdk/devices/MCXA156/drivers/fsl_lpuart.c.obj
                0x000021c4                LPUART_WriteBlocking
 .text.LPUART_ReadBlocking
                0x0000223c      0x170 CMakeFiles/dev_hid_generic_freertos.elf.dir/home/haopc/workspace/project/usb_key_authen/src/core/mcxa156/sdks/frdm_mcxa156_sdk/devices/MCXA156/drivers/fsl_lpuart.c.obj
                0x0000223c                LPUART_ReadBlocking
 .text.LPUART0_DriverIRQHandler
                0x000023ac       0x24 CMakeFiles/dev_hid_generic_freertos.elf.dir/home/haopc/workspace/project/usb_key_authen/src/core/mcxa156/sdks/frdm_mcxa156_sdk/devices/MCXA156/drivers/fsl_lpuart.c.obj
                0x000023ac                LPUART0_DriverIRQHandler
 .text.LPUART1_DriverIRQHandler
                0x000023d0       0x24 CMakeFiles/dev_hid_generic_freertos.elf.dir/home/haopc/workspace/project/usb_key_authen/src/core/mcxa156/sdks/frdm_mcxa156_sdk/devices/MCXA156/drivers/fsl_lpuart.c.obj
                0x000023d0                LPUART1_DriverIRQHandler
 .text.LPUART2_DriverIRQHandler
                0x000023f4       0x24 CMakeFiles/dev_hid_generic_freertos.elf.dir/home/haopc/workspace/project/usb_key_authen/src/core/mcxa156/sdks/frdm_mcxa156_sdk/devices/MCXA156/drivers/fsl_lpuart.c.obj
                0x000023f4                LPUART2_DriverIRQHandler
 .text.LPUART3_DriverIRQHandler
                0x00002418       0x24 CMakeFiles/dev_hid_generic_freertos.elf.dir/home/haopc/workspace/project/usb_key_authen/src/core/mcxa156/sdks/frdm_mcxa156_sdk/devices/MCXA156/drivers/fsl_lpuart.c.obj
                0x00002418                LPUART3_DriverIRQHandler
 .text.LPUART4_DriverIRQHandler
                0x0000243c       0x24 CMakeFiles/dev_hid_generic_freertos.elf.dir/home/haopc/workspace/project/usb_key_authen/src/core/mcxa156/sdks/frdm_mcxa156_sdk/devices/MCXA156/drivers/fsl_lpuart.c.obj
                0x0000243c                LPUART4_DriverIRQHandler
 .text.SPC_GetActiveModeBandgapMode
                0x00002460       0x22 CMakeFiles/dev_hid_generic_freertos.elf.dir/home/haopc/workspace/project/usb_key_authen/src/core/mcxa156/sdks/frdm_mcxa156_sdk/devices/MCXA156/drivers/fsl_spc.c.obj
 .text.SPC_GetActiveModeVoltageDetectStatus
                0x00002482       0x22 CMakeFiles/dev_hid_generic_freertos.elf.dir/home/haopc/workspace/project/usb_key_authen/src/core/mcxa156/sdks/frdm_mcxa156_sdk/devices/MCXA156/drivers/fsl_spc.c.obj
 .text.SPC_GetActiveModeCoreLDOVDDVoltageLevel
                0x000024a4       0x22 CMakeFiles/dev_hid_generic_freertos.elf.dir/home/haopc/workspace/project/usb_key_authen/src/core/mcxa156/sdks/frdm_mcxa156_sdk/devices/MCXA156/drivers/fsl_spc.c.obj
 .text.SPC_GetActiveModeCoreLDODriveStrength
                0x000024c6       0x22 CMakeFiles/dev_hid_generic_freertos.elf.dir/home/haopc/workspace/project/usb_key_authen/src/core/mcxa156/sdks/frdm_mcxa156_sdk/devices/MCXA156/drivers/fsl_spc.c.obj
 .text.SPC_SetSRAMOperateVoltage
                0x000024e8       0x68 CMakeFiles/dev_hid_generic_freertos.elf.dir/home/haopc/workspace/project/usb_key_authen/src/core/mcxa156/sdks/frdm_mcxa156_sdk/devices/MCXA156/drivers/fsl_spc.c.obj
                0x000024e8                SPC_SetSRAMOperateVoltage
 .text.SPC_SetActiveModeCoreLDORegulatorConfig
                0x00002550       0xa4 CMakeFiles/dev_hid_generic_freertos.elf.dir/home/haopc/workspace/project/usb_key_authen/src/core/mcxa156/sdks/frdm_mcxa156_sdk/devices/MCXA156/drivers/fsl_spc.c.obj
                0x00002550                SPC_SetActiveModeCoreLDORegulatorConfig
 .text.SPC_SetActiveModeCoreLDORegulatorVoltageLevel
                0x000025f4       0x60 CMakeFiles/dev_hid_generic_freertos.elf.dir/home/haopc/workspace/project/usb_key_authen/src/core/mcxa156/sdks/frdm_mcxa156_sdk/devices/MCXA156/drivers/fsl_spc.c.obj
                0x000025f4                SPC_SetActiveModeCoreLDORegulatorVoltageLevel
 .text.SPC_SetActiveModeCoreLDORegulatorDriveStrength
                0x00002654       0x5e CMakeFiles/dev_hid_generic_freertos.elf.dir/home/haopc/workspace/project/usb_key_authen/src/core/mcxa156/sdks/frdm_mcxa156_sdk/devices/MCXA156/drivers/fsl_spc.c.obj
                0x00002654                SPC_SetActiveModeCoreLDORegulatorDriveStrength
 *fill*         0x000026b2        0x2 
 .text.RESET_SetPeripheralReset
                0x000026b4       0xc8 CMakeFiles/dev_hid_generic_freertos.elf.dir/home/haopc/workspace/project/usb_key_authen/src/core/mcxa156/sdks/frdm_mcxa156_sdk/devices/MCXA156/drivers/fsl_reset.c.obj
                0x000026b4                RESET_SetPeripheralReset
 .text.RESET_ClearPeripheralReset
                0x0000277c       0xa8 CMakeFiles/dev_hid_generic_freertos.elf.dir/home/haopc/workspace/project/usb_key_authen/src/core/mcxa156/sdks/frdm_mcxa156_sdk/devices/MCXA156/drivers/fsl_reset.c.obj
                0x0000277c                RESET_ClearPeripheralReset
 .text.RESET_PeripheralReset
                0x00002824       0x22 CMakeFiles/dev_hid_generic_freertos.elf.dir/home/haopc/workspace/project/usb_key_authen/src/core/mcxa156/sdks/frdm_mcxa156_sdk/devices/MCXA156/drivers/fsl_reset.c.obj
                0x00002824                RESET_PeripheralReset
 .text.vListInitialise
                0x00002846       0x40 CMakeFiles/dev_hid_generic_freertos.elf.dir/home/haopc/workspace/project/usb_key_authen/src/core/mcxa156/sdks/frdm_mcxa156_sdk/rtos/freertos/freertos-kernel/list.c.obj
                0x00002846                vListInitialise
 .text.vListInitialiseItem
                0x00002886       0x1a CMakeFiles/dev_hid_generic_freertos.elf.dir/home/haopc/workspace/project/usb_key_authen/src/core/mcxa156/sdks/frdm_mcxa156_sdk/rtos/freertos/freertos-kernel/list.c.obj
                0x00002886                vListInitialiseItem
 .text.vListInsert
                0x000028a0       0x72 CMakeFiles/dev_hid_generic_freertos.elf.dir/home/haopc/workspace/project/usb_key_authen/src/core/mcxa156/sdks/frdm_mcxa156_sdk/rtos/freertos/freertos-kernel/list.c.obj
                0x000028a0                vListInsert
 .text.uxListRemove
                0x00002912       0x54 CMakeFiles/dev_hid_generic_freertos.elf.dir/home/haopc/workspace/project/usb_key_authen/src/core/mcxa156/sdks/frdm_mcxa156_sdk/rtos/freertos/freertos-kernel/list.c.obj
                0x00002912                uxListRemove
 .text.xQueueGenericReset
                0x00002966       0xf2 CMakeFiles/dev_hid_generic_freertos.elf.dir/home/haopc/workspace/project/usb_key_authen/src/core/mcxa156/sdks/frdm_mcxa156_sdk/rtos/freertos/freertos-kernel/queue.c.obj
                0x00002966                xQueueGenericReset
 .text.xQueueGenericCreate
                0x00002a58       0x8e CMakeFiles/dev_hid_generic_freertos.elf.dir/home/haopc/workspace/project/usb_key_authen/src/core/mcxa156/sdks/frdm_mcxa156_sdk/rtos/freertos/freertos-kernel/queue.c.obj
                0x00002a58                xQueueGenericCreate
 .text.prvInitialiseNewQueue
                0x00002ae6       0x46 CMakeFiles/dev_hid_generic_freertos.elf.dir/home/haopc/workspace/project/usb_key_authen/src/core/mcxa156/sdks/frdm_mcxa156_sdk/rtos/freertos/freertos-kernel/queue.c.obj
 .text.xQueueReceive
                0x00002b2c      0x178 CMakeFiles/dev_hid_generic_freertos.elf.dir/home/haopc/workspace/project/usb_key_authen/src/core/mcxa156/sdks/frdm_mcxa156_sdk/rtos/freertos/freertos-kernel/queue.c.obj
                0x00002b2c                xQueueReceive
 .text.prvCopyDataFromQueue
                0x00002ca4       0x4c CMakeFiles/dev_hid_generic_freertos.elf.dir/home/haopc/workspace/project/usb_key_authen/src/core/mcxa156/sdks/frdm_mcxa156_sdk/rtos/freertos/freertos-kernel/queue.c.obj
 .text.prvUnlockQueue
                0x00002cf0       0xa4 CMakeFiles/dev_hid_generic_freertos.elf.dir/home/haopc/workspace/project/usb_key_authen/src/core/mcxa156/sdks/frdm_mcxa156_sdk/rtos/freertos/freertos-kernel/queue.c.obj
 .text.prvIsQueueEmpty
                0x00002d94       0x2c CMakeFiles/dev_hid_generic_freertos.elf.dir/home/haopc/workspace/project/usb_key_authen/src/core/mcxa156/sdks/frdm_mcxa156_sdk/rtos/freertos/freertos-kernel/queue.c.obj
 .text.vQueueAddToRegistry
                0x00002dc0       0x8c CMakeFiles/dev_hid_generic_freertos.elf.dir/home/haopc/workspace/project/usb_key_authen/src/core/mcxa156/sdks/frdm_mcxa156_sdk/rtos/freertos/freertos-kernel/queue.c.obj
                0x00002dc0                vQueueAddToRegistry
 .text.vQueueWaitForMessageRestricted
                0x00002e4c       0x68 CMakeFiles/dev_hid_generic_freertos.elf.dir/home/haopc/workspace/project/usb_key_authen/src/core/mcxa156/sdks/frdm_mcxa156_sdk/rtos/freertos/freertos-kernel/queue.c.obj
                0x00002e4c                vQueueWaitForMessageRestricted
 .text.prvCreateTask
                0x00002eb4       0x78 CMakeFiles/dev_hid_generic_freertos.elf.dir/home/haopc/workspace/project/usb_key_authen/src/core/mcxa156/sdks/frdm_mcxa156_sdk/rtos/freertos/freertos-kernel/tasks.c.obj
 .text.xTaskCreate
                0x00002f2c       0x46 CMakeFiles/dev_hid_generic_freertos.elf.dir/home/haopc/workspace/project/usb_key_authen/src/core/mcxa156/sdks/frdm_mcxa156_sdk/rtos/freertos/freertos-kernel/tasks.c.obj
                0x00002f2c                xTaskCreate
 .text.prvInitialiseNewTask
                0x00002f72      0x104 CMakeFiles/dev_hid_generic_freertos.elf.dir/home/haopc/workspace/project/usb_key_authen/src/core/mcxa156/sdks/frdm_mcxa156_sdk/rtos/freertos/freertos-kernel/tasks.c.obj
 *fill*         0x00003076        0x2 
 .text.prvAddNewTaskToReadyList
                0x00003078      0x120 CMakeFiles/dev_hid_generic_freertos.elf.dir/home/haopc/workspace/project/usb_key_authen/src/core/mcxa156/sdks/frdm_mcxa156_sdk/rtos/freertos/freertos-kernel/tasks.c.obj
 .text.prvCreateIdleTasks
                0x00003198       0x94 CMakeFiles/dev_hid_generic_freertos.elf.dir/home/haopc/workspace/project/usb_key_authen/src/core/mcxa156/sdks/frdm_mcxa156_sdk/rtos/freertos/freertos-kernel/tasks.c.obj
 .text.vTaskStartScheduler
                0x0000322c       0x68 CMakeFiles/dev_hid_generic_freertos.elf.dir/home/haopc/workspace/project/usb_key_authen/src/core/mcxa156/sdks/frdm_mcxa156_sdk/rtos/freertos/freertos-kernel/tasks.c.obj
                0x0000322c                vTaskStartScheduler
 .text.vTaskSuspendAll
                0x00003294       0x1c CMakeFiles/dev_hid_generic_freertos.elf.dir/home/haopc/workspace/project/usb_key_authen/src/core/mcxa156/sdks/frdm_mcxa156_sdk/rtos/freertos/freertos-kernel/tasks.c.obj
                0x00003294                vTaskSuspendAll
 .text.xTaskResumeAll
                0x000032b0      0x1f0 CMakeFiles/dev_hid_generic_freertos.elf.dir/home/haopc/workspace/project/usb_key_authen/src/core/mcxa156/sdks/frdm_mcxa156_sdk/rtos/freertos/freertos-kernel/tasks.c.obj
                0x000032b0                xTaskResumeAll
 .text.xTaskGetTickCount
                0x000034a0       0x20 CMakeFiles/dev_hid_generic_freertos.elf.dir/home/haopc/workspace/project/usb_key_authen/src/core/mcxa156/sdks/frdm_mcxa156_sdk/rtos/freertos/freertos-kernel/tasks.c.obj
                0x000034a0                xTaskGetTickCount
 .text.xTaskIncrementTick
                0x000034c0      0x224 CMakeFiles/dev_hid_generic_freertos.elf.dir/home/haopc/workspace/project/usb_key_authen/src/core/mcxa156/sdks/frdm_mcxa156_sdk/rtos/freertos/freertos-kernel/tasks.c.obj
                0x000034c0                xTaskIncrementTick
 .text.vTaskSwitchContext
                0x000036e4       0xa8 CMakeFiles/dev_hid_generic_freertos.elf.dir/home/haopc/workspace/project/usb_key_authen/src/core/mcxa156/sdks/frdm_mcxa156_sdk/rtos/freertos/freertos-kernel/tasks.c.obj
                0x000036e4                vTaskSwitchContext
 .text.vTaskPlaceOnEventList
                0x0000378c       0x3c CMakeFiles/dev_hid_generic_freertos.elf.dir/home/haopc/workspace/project/usb_key_authen/src/core/mcxa156/sdks/frdm_mcxa156_sdk/rtos/freertos/freertos-kernel/tasks.c.obj
                0x0000378c                vTaskPlaceOnEventList
 .text.vTaskPlaceOnEventListRestricted
                0x000037c8       0x7c CMakeFiles/dev_hid_generic_freertos.elf.dir/home/haopc/workspace/project/usb_key_authen/src/core/mcxa156/sdks/frdm_mcxa156_sdk/rtos/freertos/freertos-kernel/tasks.c.obj
                0x000037c8                vTaskPlaceOnEventListRestricted
 .text.xTaskRemoveFromEventList
                0x00003844      0x1a0 CMakeFiles/dev_hid_generic_freertos.elf.dir/home/haopc/workspace/project/usb_key_authen/src/core/mcxa156/sdks/frdm_mcxa156_sdk/rtos/freertos/freertos-kernel/tasks.c.obj
                0x00003844                xTaskRemoveFromEventList
 .text.vTaskInternalSetTimeOutState
                0x000039e4       0x2c CMakeFiles/dev_hid_generic_freertos.elf.dir/home/haopc/workspace/project/usb_key_authen/src/core/mcxa156/sdks/frdm_mcxa156_sdk/rtos/freertos/freertos-kernel/tasks.c.obj
                0x000039e4                vTaskInternalSetTimeOutState
 .text.xTaskCheckForTimeOut
                0x00003a10       0xd0 CMakeFiles/dev_hid_generic_freertos.elf.dir/home/haopc/workspace/project/usb_key_authen/src/core/mcxa156/sdks/frdm_mcxa156_sdk/rtos/freertos/freertos-kernel/tasks.c.obj
                0x00003a10                xTaskCheckForTimeOut
 .text.vTaskMissedYield
                0x00003ae0       0x18 CMakeFiles/dev_hid_generic_freertos.elf.dir/home/haopc/workspace/project/usb_key_authen/src/core/mcxa156/sdks/frdm_mcxa156_sdk/rtos/freertos/freertos-kernel/tasks.c.obj
                0x00003ae0                vTaskMissedYield
 .text.prvIdleTask
                0x00003af8       0x20 CMakeFiles/dev_hid_generic_freertos.elf.dir/home/haopc/workspace/project/usb_key_authen/src/core/mcxa156/sdks/frdm_mcxa156_sdk/rtos/freertos/freertos-kernel/tasks.c.obj
 .text.prvInitialiseTaskLists
                0x00003b18       0x80 CMakeFiles/dev_hid_generic_freertos.elf.dir/home/haopc/workspace/project/usb_key_authen/src/core/mcxa156/sdks/frdm_mcxa156_sdk/rtos/freertos/freertos-kernel/tasks.c.obj
 .text.prvCheckTasksWaitingTermination
                0x00003b98       0x5c CMakeFiles/dev_hid_generic_freertos.elf.dir/home/haopc/workspace/project/usb_key_authen/src/core/mcxa156/sdks/frdm_mcxa156_sdk/rtos/freertos/freertos-kernel/tasks.c.obj
 .text.prvDeleteTCB
                0x00003bf4       0x20 CMakeFiles/dev_hid_generic_freertos.elf.dir/home/haopc/workspace/project/usb_key_authen/src/core/mcxa156/sdks/frdm_mcxa156_sdk/rtos/freertos/freertos-kernel/tasks.c.obj
 .text.prvResetNextTaskUnblockTime
                0x00003c14       0x38 CMakeFiles/dev_hid_generic_freertos.elf.dir/home/haopc/workspace/project/usb_key_authen/src/core/mcxa156/sdks/frdm_mcxa156_sdk/rtos/freertos/freertos-kernel/tasks.c.obj
 .text.xTaskGetSchedulerState
                0x00003c4c       0x3c CMakeFiles/dev_hid_generic_freertos.elf.dir/home/haopc/workspace/project/usb_key_authen/src/core/mcxa156/sdks/frdm_mcxa156_sdk/rtos/freertos/freertos-kernel/tasks.c.obj
                0x00003c4c                xTaskGetSchedulerState
 .text.prvAddCurrentTaskToDelayedList
                0x00003c88      0x10c CMakeFiles/dev_hid_generic_freertos.elf.dir/home/haopc/workspace/project/usb_key_authen/src/core/mcxa156/sdks/frdm_mcxa156_sdk/rtos/freertos/freertos-kernel/tasks.c.obj
 .text.xTimerCreateTimerTask
                0x00003d94       0x54 CMakeFiles/dev_hid_generic_freertos.elf.dir/home/haopc/workspace/project/usb_key_authen/src/core/mcxa156/sdks/frdm_mcxa156_sdk/rtos/freertos/freertos-kernel/timers.c.obj
                0x00003d94                xTimerCreateTimerTask
 .text.prvReloadTimer
                0x00003de8       0x42 CMakeFiles/dev_hid_generic_freertos.elf.dir/home/haopc/workspace/project/usb_key_authen/src/core/mcxa156/sdks/frdm_mcxa156_sdk/rtos/freertos/freertos-kernel/timers.c.obj
 *fill*         0x00003e2a        0x2 
 .text.prvProcessExpiredTimer
                0x00003e2c       0x60 CMakeFiles/dev_hid_generic_freertos.elf.dir/home/haopc/workspace/project/usb_key_authen/src/core/mcxa156/sdks/frdm_mcxa156_sdk/rtos/freertos/freertos-kernel/timers.c.obj
 .text.prvTimerTask
                0x00003e8c       0x26 CMakeFiles/dev_hid_generic_freertos.elf.dir/home/haopc/workspace/project/usb_key_authen/src/core/mcxa156/sdks/frdm_mcxa156_sdk/rtos/freertos/freertos-kernel/timers.c.obj
 *fill*         0x00003eb2        0x2 
 .text.prvProcessTimerOrBlockTask
                0x00003eb4       0x8c CMakeFiles/dev_hid_generic_freertos.elf.dir/home/haopc/workspace/project/usb_key_authen/src/core/mcxa156/sdks/frdm_mcxa156_sdk/rtos/freertos/freertos-kernel/timers.c.obj
 .text.prvGetNextExpireTime
                0x00003f40       0x48 CMakeFiles/dev_hid_generic_freertos.elf.dir/home/haopc/workspace/project/usb_key_authen/src/core/mcxa156/sdks/frdm_mcxa156_sdk/rtos/freertos/freertos-kernel/timers.c.obj
 .text.prvSampleTimeNow
                0x00003f88       0x40 CMakeFiles/dev_hid_generic_freertos.elf.dir/home/haopc/workspace/project/usb_key_authen/src/core/mcxa156/sdks/frdm_mcxa156_sdk/rtos/freertos/freertos-kernel/timers.c.obj
 .text.prvInsertTimerInActiveList
                0x00003fc8       0x84 CMakeFiles/dev_hid_generic_freertos.elf.dir/home/haopc/workspace/project/usb_key_authen/src/core/mcxa156/sdks/frdm_mcxa156_sdk/rtos/freertos/freertos-kernel/timers.c.obj
 .text.prvProcessReceivedCommands
                0x0000404c      0x1a8 CMakeFiles/dev_hid_generic_freertos.elf.dir/home/haopc/workspace/project/usb_key_authen/src/core/mcxa156/sdks/frdm_mcxa156_sdk/rtos/freertos/freertos-kernel/timers.c.obj
 .text.prvSwitchTimerLists
                0x000041f4       0x4c CMakeFiles/dev_hid_generic_freertos.elf.dir/home/haopc/workspace/project/usb_key_authen/src/core/mcxa156/sdks/frdm_mcxa156_sdk/rtos/freertos/freertos-kernel/timers.c.obj
 .text.prvCheckForValidListAndQueue
                0x00004240       0x6c CMakeFiles/dev_hid_generic_freertos.elf.dir/home/haopc/workspace/project/usb_key_authen/src/core/mcxa156/sdks/frdm_mcxa156_sdk/rtos/freertos/freertos-kernel/timers.c.obj
 .text.vPortSetupTimerInterrupt
                0x000042ac       0x48 CMakeFiles/dev_hid_generic_freertos.elf.dir/home/haopc/workspace/project/usb_key_authen/src/core/mcxa156/sdks/frdm_mcxa156_sdk/rtos/freertos/freertos-kernel/portable/GCC/ARM_CM33_NTZ/non_secure/port.c.obj
                0x000042ac                vPortSetupTimerInterrupt
 .text.prvTaskExitError
                0x000042f4       0x38 CMakeFiles/dev_hid_generic_freertos.elf.dir/home/haopc/workspace/project/usb_key_authen/src/core/mcxa156/sdks/frdm_mcxa156_sdk/rtos/freertos/freertos-kernel/portable/GCC/ARM_CM33_NTZ/non_secure/port.c.obj
 .text.prvSetupFPU
                0x0000432c       0x30 CMakeFiles/dev_hid_generic_freertos.elf.dir/home/haopc/workspace/project/usb_key_authen/src/core/mcxa156/sdks/frdm_mcxa156_sdk/rtos/freertos/freertos-kernel/portable/GCC/ARM_CM33_NTZ/non_secure/port.c.obj
 .text.vPortYield
                0x0000435c       0x24 CMakeFiles/dev_hid_generic_freertos.elf.dir/home/haopc/workspace/project/usb_key_authen/src/core/mcxa156/sdks/frdm_mcxa156_sdk/rtos/freertos/freertos-kernel/portable/GCC/ARM_CM33_NTZ/non_secure/port.c.obj
                0x0000435c                vPortYield
 .text.vPortEnterCritical
                0x00004380       0x24 CMakeFiles/dev_hid_generic_freertos.elf.dir/home/haopc/workspace/project/usb_key_authen/src/core/mcxa156/sdks/frdm_mcxa156_sdk/rtos/freertos/freertos-kernel/portable/GCC/ARM_CM33_NTZ/non_secure/port.c.obj
                0x00004380                vPortEnterCritical
 .text.vPortExitCritical
                0x000043a4       0x34 CMakeFiles/dev_hid_generic_freertos.elf.dir/home/haopc/workspace/project/usb_key_authen/src/core/mcxa156/sdks/frdm_mcxa156_sdk/rtos/freertos/freertos-kernel/portable/GCC/ARM_CM33_NTZ/non_secure/port.c.obj
                0x000043a4                vPortExitCritical
 .text.SysTick_Handler
                0x000043d8       0x30 CMakeFiles/dev_hid_generic_freertos.elf.dir/home/haopc/workspace/project/usb_key_authen/src/core/mcxa156/sdks/frdm_mcxa156_sdk/rtos/freertos/freertos-kernel/portable/GCC/ARM_CM33_NTZ/non_secure/port.c.obj
                0x000043d8                SysTick_Handler
 .text.vPortSVCHandler_C
                0x00004408       0x36 CMakeFiles/dev_hid_generic_freertos.elf.dir/home/haopc/workspace/project/usb_key_authen/src/core/mcxa156/sdks/frdm_mcxa156_sdk/rtos/freertos/freertos-kernel/portable/GCC/ARM_CM33_NTZ/non_secure/port.c.obj
                0x00004408                vPortSVCHandler_C
 *fill*         0x0000443e        0x2 
 .text.pxPortInitialiseStack
                0x00004440      0x114 CMakeFiles/dev_hid_generic_freertos.elf.dir/home/haopc/workspace/project/usb_key_authen/src/core/mcxa156/sdks/frdm_mcxa156_sdk/rtos/freertos/freertos-kernel/portable/GCC/ARM_CM33_NTZ/non_secure/port.c.obj
                0x00004440                pxPortInitialiseStack
 .text.xPortStartScheduler
                0x00004554      0x128 CMakeFiles/dev_hid_generic_freertos.elf.dir/home/haopc/workspace/project/usb_key_authen/src/core/mcxa156/sdks/frdm_mcxa156_sdk/rtos/freertos/freertos-kernel/portable/GCC/ARM_CM33_NTZ/non_secure/port.c.obj
                0x00004554                xPortStartScheduler
 .text.vRestoreContextOfFirstTask
                0x0000467c       0x2c CMakeFiles/dev_hid_generic_freertos.elf.dir/home/haopc/workspace/project/usb_key_authen/src/core/mcxa156/sdks/frdm_mcxa156_sdk/rtos/freertos/freertos-kernel/portable/GCC/ARM_CM33_NTZ/non_secure/portasm.c.obj
                0x0000467c                vRestoreContextOfFirstTask
 .text.vStartFirstTask
                0x000046a8       0x20 CMakeFiles/dev_hid_generic_freertos.elf.dir/home/haopc/workspace/project/usb_key_authen/src/core/mcxa156/sdks/frdm_mcxa156_sdk/rtos/freertos/freertos-kernel/portable/GCC/ARM_CM33_NTZ/non_secure/portasm.c.obj
                0x000046a8                vStartFirstTask
 .text.ulSetInterruptMask
                0x000046c8       0x1a CMakeFiles/dev_hid_generic_freertos.elf.dir/home/haopc/workspace/project/usb_key_authen/src/core/mcxa156/sdks/frdm_mcxa156_sdk/rtos/freertos/freertos-kernel/portable/GCC/ARM_CM33_NTZ/non_secure/portasm.c.obj
                0x000046c8                ulSetInterruptMask
 .text.vClearInterruptMask
                0x000046e2       0x10 CMakeFiles/dev_hid_generic_freertos.elf.dir/home/haopc/workspace/project/usb_key_authen/src/core/mcxa156/sdks/frdm_mcxa156_sdk/rtos/freertos/freertos-kernel/portable/GCC/ARM_CM33_NTZ/non_secure/portasm.c.obj
                0x000046e2                vClearInterruptMask
 *fill*         0x000046f2        0x2 
 .text.PendSV_Handler
                0x000046f4       0x60 CMakeFiles/dev_hid_generic_freertos.elf.dir/home/haopc/workspace/project/usb_key_authen/src/core/mcxa156/sdks/frdm_mcxa156_sdk/rtos/freertos/freertos-kernel/portable/GCC/ARM_CM33_NTZ/non_secure/portasm.c.obj
                0x000046f4                PendSV_Handler
 .text.SVC_Handler
                0x00004754       0x18 CMakeFiles/dev_hid_generic_freertos.elf.dir/home/haopc/workspace/project/usb_key_authen/src/core/mcxa156/sdks/frdm_mcxa156_sdk/rtos/freertos/freertos-kernel/portable/GCC/ARM_CM33_NTZ/non_secure/portasm.c.obj
                0x00004754                SVC_Handler
 .text.pvPortMalloc
                0x0000476c      0x204 CMakeFiles/dev_hid_generic_freertos.elf.dir/home/haopc/workspace/project/usb_key_authen/src/core/mcxa156/sdks/frdm_mcxa156_sdk/rtos/freertos/freertos-kernel/portable/MemMang/heap_4.c.obj
                0x0000476c                pvPortMalloc
 .text.vPortFree
                0x00004970       0xbc CMakeFiles/dev_hid_generic_freertos.elf.dir/home/haopc/workspace/project/usb_key_authen/src/core/mcxa156/sdks/frdm_mcxa156_sdk/rtos/freertos/freertos-kernel/portable/MemMang/heap_4.c.obj
                0x00004970                vPortFree
 .text.prvHeapInit
                0x00004a2c       0xb4 CMakeFiles/dev_hid_generic_freertos.elf.dir/home/haopc/workspace/project/usb_key_authen/src/core/mcxa156/sdks/frdm_mcxa156_sdk/rtos/freertos/freertos-kernel/portable/MemMang/heap_4.c.obj
 .text.prvInsertBlockIntoFreeList
                0x00004ae0       0xe0 CMakeFiles/dev_hid_generic_freertos.elf.dir/home/haopc/workspace/project/usb_key_authen/src/core/mcxa156/sdks/frdm_mcxa156_sdk/rtos/freertos/freertos-kernel/portable/MemMang/heap_4.c.obj
 .text.USB_DeviceAllocateHandle
                0x00004bc0       0xcc CMakeFiles/dev_hid_generic_freertos.elf.dir/home/haopc/workspace/project/usb_key_authen/src/core/mcxa156/sdks/frdm_mcxa156_sdk/middleware/usb/device/usb_device_dci.c.obj
 .text.USB_DeviceFreeHandle
                0x00004c8c       0x3c CMakeFiles/dev_hid_generic_freertos.elf.dir/home/haopc/workspace/project/usb_key_authen/src/core/mcxa156/sdks/frdm_mcxa156_sdk/middleware/usb/device/usb_device_dci.c.obj
 .text.USB_DeviceGetControllerInterface
                0x00004cc8       0x3c CMakeFiles/dev_hid_generic_freertos.elf.dir/home/haopc/workspace/project/usb_key_authen/src/core/mcxa156/sdks/frdm_mcxa156_sdk/middleware/usb/device/usb_device_dci.c.obj
 .text.USB_DeviceTransfer
                0x00004d04      0x136 CMakeFiles/dev_hid_generic_freertos.elf.dir/home/haopc/workspace/project/usb_key_authen/src/core/mcxa156/sdks/frdm_mcxa156_sdk/middleware/usb/device/usb_device_dci.c.obj
 .text.USB_DeviceControl
                0x00004e3a       0x4c CMakeFiles/dev_hid_generic_freertos.elf.dir/home/haopc/workspace/project/usb_key_authen/src/core/mcxa156/sdks/frdm_mcxa156_sdk/middleware/usb/device/usb_device_dci.c.obj
 .text.USB_DeviceResetNotification
                0x00004e86       0xa0 CMakeFiles/dev_hid_generic_freertos.elf.dir/home/haopc/workspace/project/usb_key_authen/src/core/mcxa156/sdks/frdm_mcxa156_sdk/middleware/usb/device/usb_device_dci.c.obj
 .text.USB_DeviceNotification
                0x00004f26      0x102 CMakeFiles/dev_hid_generic_freertos.elf.dir/home/haopc/workspace/project/usb_key_authen/src/core/mcxa156/sdks/frdm_mcxa156_sdk/middleware/usb/device/usb_device_dci.c.obj
 .text.USB_DeviceNotificationTrigger
                0x00005028       0x40 CMakeFiles/dev_hid_generic_freertos.elf.dir/home/haopc/workspace/project/usb_key_authen/src/core/mcxa156/sdks/frdm_mcxa156_sdk/middleware/usb/device/usb_device_dci.c.obj
                0x00005028                USB_DeviceNotificationTrigger
 .text.USB_DeviceInit
                0x00005068      0x16a CMakeFiles/dev_hid_generic_freertos.elf.dir/home/haopc/workspace/project/usb_key_authen/src/core/mcxa156/sdks/frdm_mcxa156_sdk/middleware/usb/device/usb_device_dci.c.obj
                0x00005068                USB_DeviceInit
 .text.USB_DeviceRun
                0x000051d2       0x1c CMakeFiles/dev_hid_generic_freertos.elf.dir/home/haopc/workspace/project/usb_key_authen/src/core/mcxa156/sdks/frdm_mcxa156_sdk/middleware/usb/device/usb_device_dci.c.obj
                0x000051d2                USB_DeviceRun
 .text.USB_DeviceDeinit
                0x000051ee       0x42 CMakeFiles/dev_hid_generic_freertos.elf.dir/home/haopc/workspace/project/usb_key_authen/src/core/mcxa156/sdks/frdm_mcxa156_sdk/middleware/usb/device/usb_device_dci.c.obj
                0x000051ee                USB_DeviceDeinit
 .text.USB_DeviceSendRequest
                0x00005230       0x32 CMakeFiles/dev_hid_generic_freertos.elf.dir/home/haopc/workspace/project/usb_key_authen/src/core/mcxa156/sdks/frdm_mcxa156_sdk/middleware/usb/device/usb_device_dci.c.obj
                0x00005230                USB_DeviceSendRequest
 .text.USB_DeviceRecvRequest
                0x00005262       0x2c CMakeFiles/dev_hid_generic_freertos.elf.dir/home/haopc/workspace/project/usb_key_authen/src/core/mcxa156/sdks/frdm_mcxa156_sdk/middleware/usb/device/usb_device_dci.c.obj
                0x00005262                USB_DeviceRecvRequest
 .text.USB_DeviceInitEndpoint
                0x0000528e       0xbe CMakeFiles/dev_hid_generic_freertos.elf.dir/home/haopc/workspace/project/usb_key_authen/src/core/mcxa156/sdks/frdm_mcxa156_sdk/middleware/usb/device/usb_device_dci.c.obj
                0x0000528e                USB_DeviceInitEndpoint
 .text.USB_DeviceDeinitEndpoint
                0x0000534c       0xac CMakeFiles/dev_hid_generic_freertos.elf.dir/home/haopc/workspace/project/usb_key_authen/src/core/mcxa156/sdks/frdm_mcxa156_sdk/middleware/usb/device/usb_device_dci.c.obj
                0x0000534c                USB_DeviceDeinitEndpoint
 .text.USB_DeviceStallEndpoint
                0x000053f8       0x30 CMakeFiles/dev_hid_generic_freertos.elf.dir/home/haopc/workspace/project/usb_key_authen/src/core/mcxa156/sdks/frdm_mcxa156_sdk/middleware/usb/device/usb_device_dci.c.obj
                0x000053f8                USB_DeviceStallEndpoint
 .text.USB_DeviceUnstallEndpoint
                0x00005428       0x30 CMakeFiles/dev_hid_generic_freertos.elf.dir/home/haopc/workspace/project/usb_key_authen/src/core/mcxa156/sdks/frdm_mcxa156_sdk/middleware/usb/device/usb_device_dci.c.obj
                0x00005428                USB_DeviceUnstallEndpoint
 .text.USB_DeviceGetStatus
                0x00005458       0xf4 CMakeFiles/dev_hid_generic_freertos.elf.dir/home/haopc/workspace/project/usb_key_authen/src/core/mcxa156/sdks/frdm_mcxa156_sdk/middleware/usb/device/usb_device_dci.c.obj
                0x00005458                USB_DeviceGetStatus
 .text.USB_DeviceSetStatus
                0x0000554c      0x134 CMakeFiles/dev_hid_generic_freertos.elf.dir/home/haopc/workspace/project/usb_key_authen/src/core/mcxa156/sdks/frdm_mcxa156_sdk/middleware/usb/device/usb_device_dci.c.obj
                0x0000554c                USB_DeviceSetStatus
 .text.USB_DeviceHidAllocateHandle
                0x00005680       0x58 CMakeFiles/dev_hid_generic_freertos.elf.dir/home/haopc/workspace/project/usb_key_authen/src/core/mcxa156/sdks/frdm_mcxa156_sdk/middleware/usb/device/class/usb_device_hid.c.obj
 .text.USB_DeviceHidFreeHandle
                0x000056d8       0x2e CMakeFiles/dev_hid_generic_freertos.elf.dir/home/haopc/workspace/project/usb_key_authen/src/core/mcxa156/sdks/frdm_mcxa156_sdk/middleware/usb/device/class/usb_device_hid.c.obj
 .text.USB_DeviceHidInterruptIn
                0x00005706       0x54 CMakeFiles/dev_hid_generic_freertos.elf.dir/home/haopc/workspace/project/usb_key_authen/src/core/mcxa156/sdks/frdm_mcxa156_sdk/middleware/usb/device/class/usb_device_hid.c.obj
 .text.USB_DeviceHidInterruptOut
                0x0000575a       0x54 CMakeFiles/dev_hid_generic_freertos.elf.dir/home/haopc/workspace/project/usb_key_authen/src/core/mcxa156/sdks/frdm_mcxa156_sdk/middleware/usb/device/class/usb_device_hid.c.obj
 *fill*         0x000057ae        0x2 
 .text.USB_DeviceHidEndpointsInit
                0x000057b0      0x1f8 CMakeFiles/dev_hid_generic_freertos.elf.dir/home/haopc/workspace/project/usb_key_authen/src/core/mcxa156/sdks/frdm_mcxa156_sdk/middleware/usb/device/class/usb_device_hid.c.obj
 .text.USB_DeviceHidEndpointsDeinit
                0x000059a8       0x64 CMakeFiles/dev_hid_generic_freertos.elf.dir/home/haopc/workspace/project/usb_key_authen/src/core/mcxa156/sdks/frdm_mcxa156_sdk/middleware/usb/device/class/usb_device_hid.c.obj
 .text.USB_DeviceHidEvent
                0x00005a0c      0x5d4 CMakeFiles/dev_hid_generic_freertos.elf.dir/home/haopc/workspace/project/usb_key_authen/src/core/mcxa156/sdks/frdm_mcxa156_sdk/middleware/usb/device/class/usb_device_hid.c.obj
                0x00005a0c                USB_DeviceHidEvent
 .text.USB_DeviceHidInit
                0x00005fe0       0x70 CMakeFiles/dev_hid_generic_freertos.elf.dir/home/haopc/workspace/project/usb_key_authen/src/core/mcxa156/sdks/frdm_mcxa156_sdk/middleware/usb/device/class/usb_device_hid.c.obj
                0x00005fe0                USB_DeviceHidInit
 .text.USB_DeviceHidDeinit
                0x00006050       0x30 CMakeFiles/dev_hid_generic_freertos.elf.dir/home/haopc/workspace/project/usb_key_authen/src/core/mcxa156/sdks/frdm_mcxa156_sdk/middleware/usb/device/class/usb_device_hid.c.obj
                0x00006050                USB_DeviceHidDeinit
 .text.USB_DeviceHidSend
                0x00006080       0x7c CMakeFiles/dev_hid_generic_freertos.elf.dir/home/haopc/workspace/project/usb_key_authen/src/core/mcxa156/sdks/frdm_mcxa156_sdk/middleware/usb/device/class/usb_device_hid.c.obj
                0x00006080                USB_DeviceHidSend
 .text.USB_DeviceHidRecv
                0x000060fc       0x78 CMakeFiles/dev_hid_generic_freertos.elf.dir/home/haopc/workspace/project/usb_key_authen/src/core/mcxa156/sdks/frdm_mcxa156_sdk/middleware/usb/device/class/usb_device_hid.c.obj
                0x000060fc                USB_DeviceHidRecv
 .text.USB_DeviceKhciEndpointTransfer
                0x00006174      0x10c CMakeFiles/dev_hid_generic_freertos.elf.dir/home/haopc/workspace/project/usb_key_authen/src/core/mcxa156/sdks/frdm_mcxa156_sdk/middleware/usb/device/usb_device_khci.c.obj
 .text.USB_DeviceKhciPrimeNextSetup
                0x00006280       0x64 CMakeFiles/dev_hid_generic_freertos.elf.dir/home/haopc/workspace/project/usb_key_authen/src/core/mcxa156/sdks/frdm_mcxa156_sdk/middleware/usb/device/usb_device_khci.c.obj
 .text.USB_DeviceKhciSetDefaultState
                0x000062e4      0x158 CMakeFiles/dev_hid_generic_freertos.elf.dir/home/haopc/workspace/project/usb_key_authen/src/core/mcxa156/sdks/frdm_mcxa156_sdk/middleware/usb/device/usb_device_khci.c.obj
 .text.USB_DeviceKhciEndpointInit
                0x0000643c      0x246 CMakeFiles/dev_hid_generic_freertos.elf.dir/home/haopc/workspace/project/usb_key_authen/src/core/mcxa156/sdks/frdm_mcxa156_sdk/middleware/usb/device/usb_device_khci.c.obj
 .text.USB_DeviceKhciEndpointDeinit
                0x00006682       0x5c CMakeFiles/dev_hid_generic_freertos.elf.dir/home/haopc/workspace/project/usb_key_authen/src/core/mcxa156/sdks/frdm_mcxa156_sdk/middleware/usb/device/usb_device_khci.c.obj
 .text.USB_DeviceKhciEndpointStall
                0x000066de      0x23e CMakeFiles/dev_hid_generic_freertos.elf.dir/home/haopc/workspace/project/usb_key_authen/src/core/mcxa156/sdks/frdm_mcxa156_sdk/middleware/usb/device/usb_device_khci.c.obj
 .text.USB_DeviceKhciEndpointUnstall
                0x0000691c      0x1b8 CMakeFiles/dev_hid_generic_freertos.elf.dir/home/haopc/workspace/project/usb_key_authen/src/core/mcxa156/sdks/frdm_mcxa156_sdk/middleware/usb/device/usb_device_khci.c.obj
 .text.USB_DeviceKhciInterruptTokenDone
                0x00006ad4      0x538 CMakeFiles/dev_hid_generic_freertos.elf.dir/home/haopc/workspace/project/usb_key_authen/src/core/mcxa156/sdks/frdm_mcxa156_sdk/middleware/usb/device/usb_device_khci.c.obj
 .text.USB_DeviceKhciInterruptReset
                0x0000700c       0x42 CMakeFiles/dev_hid_generic_freertos.elf.dir/home/haopc/workspace/project/usb_key_authen/src/core/mcxa156/sdks/frdm_mcxa156_sdk/middleware/usb/device/usb_device_khci.c.obj
 .text.USB_DeviceKhciInterruptStall
                0x0000704e       0x5c CMakeFiles/dev_hid_generic_freertos.elf.dir/home/haopc/workspace/project/usb_key_authen/src/core/mcxa156/sdks/frdm_mcxa156_sdk/middleware/usb/device/usb_device_khci.c.obj
 *fill*         0x000070aa        0x2 
 .text.USB_DeviceKhciInit
                0x000070ac       0xec CMakeFiles/dev_hid_generic_freertos.elf.dir/home/haopc/workspace/project/usb_key_authen/src/core/mcxa156/sdks/frdm_mcxa156_sdk/middleware/usb/device/usb_device_khci.c.obj
                0x000070ac                USB_DeviceKhciInit
 .text.USB_DeviceKhciDeinit
                0x00007198       0x64 CMakeFiles/dev_hid_generic_freertos.elf.dir/home/haopc/workspace/project/usb_key_authen/src/core/mcxa156/sdks/frdm_mcxa156_sdk/middleware/usb/device/usb_device_khci.c.obj
                0x00007198                USB_DeviceKhciDeinit
 .text.USB_DeviceKhciSend
                0x000071fc      0x11c CMakeFiles/dev_hid_generic_freertos.elf.dir/home/haopc/workspace/project/usb_key_authen/src/core/mcxa156/sdks/frdm_mcxa156_sdk/middleware/usb/device/usb_device_khci.c.obj
                0x000071fc                USB_DeviceKhciSend
 .text.USB_DeviceKhciRecv
                0x00007318      0x160 CMakeFiles/dev_hid_generic_freertos.elf.dir/home/haopc/workspace/project/usb_key_authen/src/core/mcxa156/sdks/frdm_mcxa156_sdk/middleware/usb/device/usb_device_khci.c.obj
                0x00007318                USB_DeviceKhciRecv
 .text.USB_DeviceKhciCancel
                0x00007478       0x86 CMakeFiles/dev_hid_generic_freertos.elf.dir/home/haopc/workspace/project/usb_key_authen/src/core/mcxa156/sdks/frdm_mcxa156_sdk/middleware/usb/device/usb_device_khci.c.obj
                0x00007478                USB_DeviceKhciCancel
 *fill*         0x000074fe        0x2 
 .text.USB_DeviceKhciControl
                0x00007500      0x280 CMakeFiles/dev_hid_generic_freertos.elf.dir/home/haopc/workspace/project/usb_key_authen/src/core/mcxa156/sdks/frdm_mcxa156_sdk/middleware/usb/device/usb_device_khci.c.obj
                0x00007500                USB_DeviceKhciControl
 .text.USB_DeviceKhciIsrFunction
                0x00007780       0x84 CMakeFiles/dev_hid_generic_freertos.elf.dir/home/haopc/workspace/project/usb_key_authen/src/core/mcxa156/sdks/frdm_mcxa156_sdk/middleware/usb/device/usb_device_khci.c.obj
                0x00007780                USB_DeviceKhciIsrFunction
 .text.USB_DeviceCh9GetStatus
                0x00007804      0x138 CMakeFiles/dev_hid_generic_freertos.elf.dir/home/haopc/workspace/project/usb_key_authen/src/core/mcxa156/sdks/frdm_mcxa156_sdk/middleware/usb/device/usb_device_ch9.c.obj
 .text.USB_DeviceCh9SetClearFeature
                0x0000793c      0x120 CMakeFiles/dev_hid_generic_freertos.elf.dir/home/haopc/workspace/project/usb_key_authen/src/core/mcxa156/sdks/frdm_mcxa156_sdk/middleware/usb/device/usb_device_ch9.c.obj
 .text.USB_DeviceCh9SetAddress
                0x00007a5c       0xd0 CMakeFiles/dev_hid_generic_freertos.elf.dir/home/haopc/workspace/project/usb_key_authen/src/core/mcxa156/sdks/frdm_mcxa156_sdk/middleware/usb/device/usb_device_ch9.c.obj
 .text.USB_DeviceCh9GetDescriptor
                0x00007b2c      0x1fe CMakeFiles/dev_hid_generic_freertos.elf.dir/home/haopc/workspace/project/usb_key_authen/src/core/mcxa156/sdks/frdm_mcxa156_sdk/middleware/usb/device/usb_device_ch9.c.obj
 .text.USB_DeviceCh9GetConfiguration
                0x00007d2a       0x8e CMakeFiles/dev_hid_generic_freertos.elf.dir/home/haopc/workspace/project/usb_key_authen/src/core/mcxa156/sdks/frdm_mcxa156_sdk/middleware/usb/device/usb_device_ch9.c.obj
 .text.USB_DeviceCh9SetConfiguration
                0x00007db8       0xb6 CMakeFiles/dev_hid_generic_freertos.elf.dir/home/haopc/workspace/project/usb_key_authen/src/core/mcxa156/sdks/frdm_mcxa156_sdk/middleware/usb/device/usb_device_ch9.c.obj
 .text.USB_DeviceCh9GetInterface
                0x00007e6e       0x9c CMakeFiles/dev_hid_generic_freertos.elf.dir/home/haopc/workspace/project/usb_key_authen/src/core/mcxa156/sdks/frdm_mcxa156_sdk/middleware/usb/device/usb_device_ch9.c.obj
 .text.USB_DeviceCh9SetInterface
                0x00007f0a       0x90 CMakeFiles/dev_hid_generic_freertos.elf.dir/home/haopc/workspace/project/usb_key_authen/src/core/mcxa156/sdks/frdm_mcxa156_sdk/middleware/usb/device/usb_device_ch9.c.obj
 .text.USB_DeviceCh9SynchFrame
                0x00007f9a       0x64 CMakeFiles/dev_hid_generic_freertos.elf.dir/home/haopc/workspace/project/usb_key_authen/src/core/mcxa156/sdks/frdm_mcxa156_sdk/middleware/usb/device/usb_device_ch9.c.obj
 .text.USB_DeviceControlCallbackFeedback
                0x00007ffe       0x9a CMakeFiles/dev_hid_generic_freertos.elf.dir/home/haopc/workspace/project/usb_key_authen/src/core/mcxa156/sdks/frdm_mcxa156_sdk/middleware/usb/device/usb_device_ch9.c.obj
 .text.USB_DeviceControlCallback
                0x00008098      0x3e8 CMakeFiles/dev_hid_generic_freertos.elf.dir/home/haopc/workspace/project/usb_key_authen/src/core/mcxa156/sdks/frdm_mcxa156_sdk/middleware/usb/device/usb_device_ch9.c.obj
 .text.USB_DeviceControlPipeInit
                0x00008480       0x7c CMakeFiles/dev_hid_generic_freertos.elf.dir/home/haopc/workspace/project/usb_key_authen/src/core/mcxa156/sdks/frdm_mcxa156_sdk/middleware/usb/device/usb_device_ch9.c.obj
                0x00008480                USB_DeviceControlPipeInit
 .text.USB_DeviceClassAllocateHandle
                0x000084fc       0xe0 CMakeFiles/dev_hid_generic_freertos.elf.dir/home/haopc/workspace/project/usb_key_authen/src/core/mcxa156/sdks/frdm_mcxa156_sdk/middleware/usb/device/class/usb_device_class.c.obj
 .text.USB_DeviceClassFreeHandle
                0x000085dc       0xa0 CMakeFiles/dev_hid_generic_freertos.elf.dir/home/haopc/workspace/project/usb_key_authen/src/core/mcxa156/sdks/frdm_mcxa156_sdk/middleware/usb/device/class/usb_device_class.c.obj
 .text.USB_DeviceClassGetHandleByDeviceHandle
                0x0000867c       0x74 CMakeFiles/dev_hid_generic_freertos.elf.dir/home/haopc/workspace/project/usb_key_authen/src/core/mcxa156/sdks/frdm_mcxa156_sdk/middleware/usb/device/class/usb_device_class.c.obj
 .text.USB_DeviceClassGetDeviceHandle
                0x000086f0       0x88 CMakeFiles/dev_hid_generic_freertos.elf.dir/home/haopc/workspace/project/usb_key_authen/src/core/mcxa156/sdks/frdm_mcxa156_sdk/middleware/usb/device/class/usb_device_class.c.obj
                0x000086f0                USB_DeviceClassGetDeviceHandle
 .text.USB_DeviceClassEvent
                0x00008778       0xe4 CMakeFiles/dev_hid_generic_freertos.elf.dir/home/haopc/workspace/project/usb_key_authen/src/core/mcxa156/sdks/frdm_mcxa156_sdk/middleware/usb/device/class/usb_device_class.c.obj
                0x00008778                USB_DeviceClassEvent
 .text.USB_DeviceClassCallback
                0x0000885c       0x5e CMakeFiles/dev_hid_generic_freertos.elf.dir/home/haopc/workspace/project/usb_key_authen/src/core/mcxa156/sdks/frdm_mcxa156_sdk/middleware/usb/device/class/usb_device_class.c.obj
                0x0000885c                USB_DeviceClassCallback
 *fill*         0x000088ba        0x2 
 .text.USB_DeviceClassInit
                0x000088bc      0x118 CMakeFiles/dev_hid_generic_freertos.elf.dir/home/haopc/workspace/project/usb_key_authen/src/core/mcxa156/sdks/frdm_mcxa156_sdk/middleware/usb/device/class/usb_device_class.c.obj
                0x000088bc                USB_DeviceClassInit
 .text.fsl_assert_hook
                0x000089d4       0x1a CMakeFiles/dev_hid_generic_freertos.elf.dir/home/haopc/workspace/project/usb_key_authen/src/core/mcxa156/sdks/frdm_mcxa156_sdk/devices/MCXA156/utilities/debug_console_lite/fsl_assert.c.obj
                0x000089d4                fsl_assert_hook
 *fill*         0x000089ee        0x2 
 .text.__assert_func
                0x000089f0       0x30 CMakeFiles/dev_hid_generic_freertos.elf.dir/home/haopc/workspace/project/usb_key_authen/src/core/mcxa156/sdks/frdm_mcxa156_sdk/devices/MCXA156/utilities/debug_console_lite/fsl_assert.c.obj
                0x000089f0                __assert_func
 .text.DbgConsole_Init
                0x00008a20       0x88 CMakeFiles/dev_hid_generic_freertos.elf.dir/home/haopc/workspace/project/usb_key_authen/src/core/mcxa156/sdks/frdm_mcxa156_sdk/devices/MCXA156/utilities/debug_console_lite/fsl_debug_console.c.obj
                0x00008a20                DbgConsole_Init
 .text.DbgConsole_Printf
                0x00008aa8       0x2c CMakeFiles/dev_hid_generic_freertos.elf.dir/home/haopc/workspace/project/usb_key_authen/src/core/mcxa156/sdks/frdm_mcxa156_sdk/devices/MCXA156/utilities/debug_console_lite/fsl_debug_console.c.obj
                0x00008aa8                DbgConsole_Printf
 .text.DbgConsole_Vprintf
                0x00008ad4       0x3c CMakeFiles/dev_hid_generic_freertos.elf.dir/home/haopc/workspace/project/usb_key_authen/src/core/mcxa156/sdks/frdm_mcxa156_sdk/devices/MCXA156/utilities/debug_console_lite/fsl_debug_console.c.obj
                0x00008ad4                DbgConsole_Vprintf
 .text.DbgConsole_Putchar
                0x00008b10       0x30 CMakeFiles/dev_hid_generic_freertos.elf.dir/home/haopc/workspace/project/usb_key_authen/src/core/mcxa156/sdks/frdm_mcxa156_sdk/devices/MCXA156/utilities/debug_console_lite/fsl_debug_console.c.obj
                0x00008b10                DbgConsole_Putchar
 .text.DbgConsole_PrintfPaddingCharacter
                0x00008b40       0x40 CMakeFiles/dev_hid_generic_freertos.elf.dir/home/haopc/workspace/project/usb_key_authen/src/core/mcxa156/sdks/frdm_mcxa156_sdk/devices/MCXA156/utilities/debug_console_lite/fsl_debug_console.c.obj
 .text.DbgConsole_ConvertRadixNumToString
                0x00008b80       0xc2 CMakeFiles/dev_hid_generic_freertos.elf.dir/home/haopc/workspace/project/usb_key_authen/src/core/mcxa156/sdks/frdm_mcxa156_sdk/devices/MCXA156/utilities/debug_console_lite/fsl_debug_console.c.obj
 *fill*         0x00008c42        0x2 
 .text.DbgConsole_PrintfFormattedData
                0x00008c44      0x3e0 CMakeFiles/dev_hid_generic_freertos.elf.dir/home/haopc/workspace/project/usb_key_authen/src/core/mcxa156/sdks/frdm_mcxa156_sdk/devices/MCXA156/utilities/debug_console_lite/fsl_debug_console.c.obj
 .text.__udivmoddi4
                0x00009024      0x34c /home/haopc/.mcuxpressotools/arm-gnu-toolchain-14.2.rel1-x86_64-arm-none-eabi/bin/../lib/gcc/arm-none-eabi/14.2.1/thumb/v8-m.main+fp/hard/libgcc.a(_udivmoddi4.o)
                0x00009024                __udivmoddi4
 .text.exit     0x00009370       0x24 /home/haopc/.mcuxpressotools/arm-gnu-toolchain-14.2.rel1-x86_64-arm-none-eabi/bin/../lib/gcc/arm-none-eabi/14.2.1/../../../../arm-none-eabi/lib/thumb/v8-m.main+fp/hard/libc_nano.a(libc_a-exit.o)
                0x00009370                exit
 .text.memset   0x00009394       0x10 /home/haopc/.mcuxpressotools/arm-gnu-toolchain-14.2.rel1-x86_64-arm-none-eabi/bin/../lib/gcc/arm-none-eabi/14.2.1/../../../../arm-none-eabi/lib/thumb/v8-m.main+fp/hard/libc_nano.a(libc_a-memset.o)
                0x00009394                memset
 .text.__libc_init_array
                0x000093a4       0x48 /home/haopc/.mcuxpressotools/arm-gnu-toolchain-14.2.rel1-x86_64-arm-none-eabi/bin/../lib/gcc/arm-none-eabi/14.2.1/../../../../arm-none-eabi/lib/thumb/v8-m.main+fp/hard/libc_nano.a(libc_a-init.o)
                0x000093a4                __libc_init_array
 .text._exit    0x000093ec        0x2 /home/haopc/.mcuxpressotools/arm-gnu-toolchain-14.2.rel1-x86_64-arm-none-eabi/bin/../lib/gcc/arm-none-eabi/14.2.1/../../../../arm-none-eabi/lib/thumb/v8-m.main+fp/hard/libcr_newlib_nohost.a(_exit.o)
                0x000093ec                _exit
 *(.rodata)
 *fill*         0x000093ee        0x2 
 .rodata        0x000093f0       0x66 CMakeFiles/dev_hid_generic_freertos.elf.dir/home/haopc/workspace/project/usb_key_authen/src/core/mcxa156/frdmmcxa156_dev_hid_generic_freertos/hid_generic.c.obj
 *fill*         0x00009456        0x2 
 .rodata        0x00009458       0x81 CMakeFiles/dev_hid_generic_freertos.elf.dir/home/haopc/workspace/project/usb_key_authen/src/core/mcxa156/frdmmcxa156_dev_hid_generic_freertos/pin_mux.c.obj
 *fill*         0x000094d9        0x3 
 .rodata        0x000094dc      0x140 CMakeFiles/dev_hid_generic_freertos.elf.dir/home/haopc/workspace/project/usb_key_authen/src/core/mcxa156/sdks/frdm_mcxa156_sdk/components/uart/fsl_adapter_lpuart.c.obj
 .rodata        0x0000961c       0xae CMakeFiles/dev_hid_generic_freertos.elf.dir/home/haopc/workspace/project/usb_key_authen/src/core/mcxa156/sdks/frdm_mcxa156_sdk/devices/MCXA156/drivers/fsl_clock.c.obj
 *fill*         0x000096ca        0x2 
 .rodata        0x000096cc       0xd4 CMakeFiles/dev_hid_generic_freertos.elf.dir/home/haopc/workspace/project/usb_key_authen/src/core/mcxa156/sdks/frdm_mcxa156_sdk/devices/MCXA156/drivers/fsl_common_arm.c.obj
 .rodata        0x000097a0      0x232 CMakeFiles/dev_hid_generic_freertos.elf.dir/home/haopc/workspace/project/usb_key_authen/src/core/mcxa156/sdks/frdm_mcxa156_sdk/devices/MCXA156/drivers/fsl_lpuart.c.obj
 *fill*         0x000099d2        0x2 
 .rodata        0x000099d4       0xc7 CMakeFiles/dev_hid_generic_freertos.elf.dir/home/haopc/workspace/project/usb_key_authen/src/core/mcxa156/sdks/frdm_mcxa156_sdk/devices/MCXA156/drivers/fsl_spc.c.obj
 *fill*         0x00009a9b        0x1 
 .rodata        0x00009a9c       0x96 CMakeFiles/dev_hid_generic_freertos.elf.dir/home/haopc/workspace/project/usb_key_authen/src/core/mcxa156/sdks/frdm_mcxa156_sdk/devices/MCXA156/drivers/fsl_reset.c.obj
 *fill*         0x00009b32        0x2 
 .rodata        0x00009b34       0x30 CMakeFiles/dev_hid_generic_freertos.elf.dir/home/haopc/workspace/project/usb_key_authen/src/core/mcxa156/sdks/frdm_mcxa156_sdk/rtos/freertos/freertos-kernel/tasks.c.obj
                0x00009b48                portArch_Name
                0x00009b4c                FreeRTOSDebugConfig
 .rodata        0x00009b64        0xd CMakeFiles/dev_hid_generic_freertos.elf.dir/home/haopc/workspace/project/usb_key_authen/src/core/mcxa156/sdks/frdm_mcxa156_sdk/rtos/freertos/freertos-kernel/timers.c.obj
 *fill*         0x00009b71        0x3 
 .rodata        0x00009b74       0x3e CMakeFiles/dev_hid_generic_freertos.elf.dir/home/haopc/workspace/project/usb_key_authen/src/core/mcxa156/sdks/frdm_mcxa156_sdk/devices/MCXA156/utilities/debug_console_lite/fsl_assert.c.obj
 *(.rodata*)
 *fill*         0x00009bb2        0x2 
 .rodata.__func__.0
                0x00009bb4       0x12 CMakeFiles/dev_hid_generic_freertos.elf.dir/home/haopc/workspace/project/usb_key_authen/src/core/mcxa156/frdmmcxa156_dev_hid_generic_freertos/pin_mux.c.obj
 *fill*         0x00009bc6        0x2 
 .rodata.s_LpuartAdapterBase
                0x00009bc8       0x14 CMakeFiles/dev_hid_generic_freertos.elf.dir/home/haopc/workspace/project/usb_key_authen/src/core/mcxa156/sdks/frdm_mcxa156_sdk/components/uart/fsl_adapter_lpuart.c.obj
 .rodata.__func__.4
                0x00009bdc        0xd CMakeFiles/dev_hid_generic_freertos.elf.dir/home/haopc/workspace/project/usb_key_authen/src/core/mcxa156/sdks/frdm_mcxa156_sdk/components/uart/fsl_adapter_lpuart.c.obj
 *fill*         0x00009be9        0x3 
 .rodata.__func__.2
                0x00009bec       0x18 CMakeFiles/dev_hid_generic_freertos.elf.dir/home/haopc/workspace/project/usb_key_authen/src/core/mcxa156/sdks/frdm_mcxa156_sdk/components/uart/fsl_adapter_lpuart.c.obj
 .rodata.__func__.1
                0x00009c04       0x15 CMakeFiles/dev_hid_generic_freertos.elf.dir/home/haopc/workspace/project/usb_key_authen/src/core/mcxa156/sdks/frdm_mcxa156_sdk/components/uart/fsl_adapter_lpuart.c.obj
 *fill*         0x00009c19        0x3 
 .rodata.__func__.4
                0x00009c1c       0x15 CMakeFiles/dev_hid_generic_freertos.elf.dir/home/haopc/workspace/project/usb_key_authen/src/core/mcxa156/sdks/frdm_mcxa156_sdk/devices/MCXA156/drivers/fsl_clock.c.obj
 *fill*         0x00009c31        0x3 
 .rodata.__func__.2
                0x00009c34       0x12 CMakeFiles/dev_hid_generic_freertos.elf.dir/home/haopc/workspace/project/usb_key_authen/src/core/mcxa156/sdks/frdm_mcxa156_sdk/devices/MCXA156/drivers/fsl_clock.c.obj
 *fill*         0x00009c46        0x2 
 .rodata.__func__.0
                0x00009c48       0x13 CMakeFiles/dev_hid_generic_freertos.elf.dir/home/haopc/workspace/project/usb_key_authen/src/core/mcxa156/sdks/frdm_mcxa156_sdk/devices/MCXA156/drivers/fsl_common_arm.c.obj
 *fill*         0x00009c5b        0x1 
 .rodata.s_lpuartBases
                0x00009c5c       0x14 CMakeFiles/dev_hid_generic_freertos.elf.dir/home/haopc/workspace/project/usb_key_authen/src/core/mcxa156/sdks/frdm_mcxa156_sdk/devices/MCXA156/drivers/fsl_lpuart.c.obj
 .rodata.s_lpuartClock
                0x00009c70       0x14 CMakeFiles/dev_hid_generic_freertos.elf.dir/home/haopc/workspace/project/usb_key_authen/src/core/mcxa156/sdks/frdm_mcxa156_sdk/devices/MCXA156/drivers/fsl_lpuart.c.obj
 .rodata.s_lpuartResets
                0x00009c84        0xa CMakeFiles/dev_hid_generic_freertos.elf.dir/home/haopc/workspace/project/usb_key_authen/src/core/mcxa156/sdks/frdm_mcxa156_sdk/devices/MCXA156/drivers/fsl_lpuart.c.obj
 *fill*         0x00009c8e        0x2 
 .rodata.__func__.25
                0x00009c90       0x13 CMakeFiles/dev_hid_generic_freertos.elf.dir/home/haopc/workspace/project/usb_key_authen/src/core/mcxa156/sdks/frdm_mcxa156_sdk/devices/MCXA156/drivers/fsl_lpuart.c.obj
 *fill*         0x00009ca3        0x1 
 .rodata.__func__.18
                0x00009ca4        0xc CMakeFiles/dev_hid_generic_freertos.elf.dir/home/haopc/workspace/project/usb_key_authen/src/core/mcxa156/sdks/frdm_mcxa156_sdk/devices/MCXA156/drivers/fsl_lpuart.c.obj
 .rodata.__func__.17
                0x00009cb0       0x18 CMakeFiles/dev_hid_generic_freertos.elf.dir/home/haopc/workspace/project/usb_key_authen/src/core/mcxa156/sdks/frdm_mcxa156_sdk/devices/MCXA156/drivers/fsl_lpuart.c.obj
 .rodata.__func__.13