/home/haopc/workspace/project/usb_key_authen/src/core/mcxa156/sdks/frdm_mcxa156_sdk/devices/MCXA156/drivers/./fsl_clock.h:679:20:CLOCK_EnableClock	32	static
/home/haopc/workspace/project/usb_key_authen/src/core/mcxa156/sdks/frdm_mcxa156_sdk/devices/MCXA156/drivers/./fsl_reset.h:240:20:RESET_ReleasePeripheralReset	16	static
/home/haopc/workspace/project/usb_key_authen/src/core/mcxa156/sdks/frdm_mcxa156_sdk/devices/MCXA156/drivers/./fsl_port.h:360:20:PORT_SetPinConfig	32	static
/home/haopc/workspace/project/usb_key_authen/src/core/mcxa156/frdmmcxa156_dev_hid_generic_freertos/pin_mux.c:35:6:BOARD_InitBootPins	8	static
/home/haopc/workspace/project/usb_key_authen/src/core/mcxa156/frdmmcxa156_dev_hid_generic_freertos/pin_mux.c:60:6:BOARD_InitPins	16	static
