/home/haopc/workspace/project/usb_key_authen/src/core/mcxa156/sdks/frdm_mcxa156_sdk/components/osa/fsl_os_abstraction_free_rtos.c:101:18:main_task	16	static
/home/haopc/workspace/project/usb_key_authen/src/core/mcxa156/sdks/frdm_mcxa156_sdk/components/osa/fsl_os_abstraction_free_rtos.c:146:7:OSA_MemoryAllocate	24	static
/home/haopc/workspace/project/usb_key_authen/src/core/mcxa156/sdks/frdm_mcxa156_sdk/components/osa/fsl_os_abstraction_free_rtos.c:169:6:OSA_MemoryFree	16	static
/home/haopc/workspace/project/usb_key_authen/src/core/mcxa156/sdks/frdm_mcxa156_sdk/components/osa/fsl_os_abstraction_free_rtos.c:176:7:OSA_MemoryAllocateAlign	32	static
/home/haopc/workspace/project/usb_key_authen/src/core/mcxa156/sdks/frdm_mcxa156_sdk/components/osa/fsl_os_abstraction_free_rtos.c:217:6:OSA_MemoryFreeAlign	24	static
/home/haopc/workspace/project/usb_key_authen/src/core/mcxa156/sdks/frdm_mcxa156_sdk/components/osa/fsl_os_abstraction_free_rtos.c:237:6:OSA_EnterCritical	24	static
/home/haopc/workspace/project/usb_key_authen/src/core/mcxa156/sdks/frdm_mcxa156_sdk/components/osa/fsl_os_abstraction_free_rtos.c:253:6:OSA_ExitCritical	24	static
/home/haopc/workspace/project/usb_key_authen/src/core/mcxa156/sdks/frdm_mcxa156_sdk/components/osa/fsl_os_abstraction_free_rtos.c:275:6:startup_task	16	static
/home/haopc/workspace/project/usb_key_authen/src/core/mcxa156/sdks/frdm_mcxa156_sdk/components/osa/fsl_os_abstraction_free_rtos.c:459:6:OSA_TimeDelay	16	static
/home/haopc/workspace/project/usb_key_authen/src/core/mcxa156/sdks/frdm_mcxa156_sdk/components/osa/fsl_os_abstraction_free_rtos.c:469:10:OSA_TimeGetMsec	40	static
/home/haopc/workspace/project/usb_key_authen/src/core/mcxa156/sdks/frdm_mcxa156_sdk/components/osa/fsl_os_abstraction_free_rtos.c:493:14:OSA_SemaphorePrecreate	16	static
/home/haopc/workspace/project/usb_key_authen/src/core/mcxa156/sdks/frdm_mcxa156_sdk/components/osa/fsl_os_abstraction_free_rtos.c:507:14:OSA_SemaphoreCreate	24	static
/home/haopc/workspace/project/usb_key_authen/src/core/mcxa156/sdks/frdm_mcxa156_sdk/components/osa/fsl_os_abstraction_free_rtos.c:544:14:OSA_SemaphoreCreateBinary	24	static
/home/haopc/workspace/project/usb_key_authen/src/core/mcxa156/sdks/frdm_mcxa156_sdk/components/osa/fsl_os_abstraction_free_rtos.c:581:14:OSA_SemaphoreDestroy	24	static
/home/haopc/workspace/project/usb_key_authen/src/core/mcxa156/sdks/frdm_mcxa156_sdk/components/osa/fsl_os_abstraction_free_rtos.c:603:14:OSA_SemaphoreWait	24	static
/home/haopc/workspace/project/usb_key_authen/src/core/mcxa156/sdks/frdm_mcxa156_sdk/components/osa/fsl_os_abstraction_free_rtos.c:638:14:OSA_SemaphorePost	32	static
/home/haopc/workspace/project/usb_key_authen/src/core/mcxa156/sdks/frdm_mcxa156_sdk/components/osa/fsl_os_abstraction_free_rtos.c:679:14:OSA_MutexCreate	24	static
/home/haopc/workspace/project/usb_key_authen/src/core/mcxa156/sdks/frdm_mcxa156_sdk/components/osa/fsl_os_abstraction_free_rtos.c:719:14:OSA_MutexLock	24	static
/home/haopc/workspace/project/usb_key_authen/src/core/mcxa156/sdks/frdm_mcxa156_sdk/components/osa/fsl_os_abstraction_free_rtos.c:751:14:OSA_MutexUnlock	24	static
/home/haopc/workspace/project/usb_key_authen/src/core/mcxa156/sdks/frdm_mcxa156_sdk/components/osa/fsl_os_abstraction_free_rtos.c:773:14:OSA_MutexDestroy	24	static
/home/haopc/workspace/project/usb_key_authen/src/core/mcxa156/sdks/frdm_mcxa156_sdk/components/osa/fsl_os_abstraction_free_rtos.c:790:14:OSA_EventPrecreate	16	static
/home/haopc/workspace/project/usb_key_authen/src/core/mcxa156/sdks/frdm_mcxa156_sdk/components/osa/fsl_os_abstraction_free_rtos.c:804:14:OSA_EventCreate	24	static
/home/haopc/workspace/project/usb_key_authen/src/core/mcxa156/sdks/frdm_mcxa156_sdk/components/osa/fsl_os_abstraction_free_rtos.c:840:14:OSA_EventSet	32	static
/home/haopc/workspace/project/usb_key_authen/src/core/mcxa156/sdks/frdm_mcxa156_sdk/components/osa/fsl_os_abstraction_free_rtos.c:878:14:OSA_EventClear	24	static
/home/haopc/workspace/project/usb_key_authen/src/core/mcxa156/sdks/frdm_mcxa156_sdk/components/osa/fsl_os_abstraction_free_rtos.c:912:14:OSA_EventGet	40	static
/home/haopc/workspace/project/usb_key_authen/src/core/mcxa156/sdks/frdm_mcxa156_sdk/components/osa/fsl_os_abstraction_free_rtos.c:957:14:OSA_EventWait	48	static
/home/haopc/workspace/project/usb_key_authen/src/core/mcxa156/sdks/frdm_mcxa156_sdk/components/osa/fsl_os_abstraction_free_rtos.c:1015:14:OSA_EventDestroy	24	static
/home/haopc/workspace/project/usb_key_authen/src/core/mcxa156/sdks/frdm_mcxa156_sdk/components/osa/fsl_os_abstraction_free_rtos.c:1036:14:OSA_MsgQCreate	32	static
/home/haopc/workspace/project/usb_key_authen/src/core/mcxa156/sdks/frdm_mcxa156_sdk/components/osa/fsl_os_abstraction_free_rtos.c:1076:14:OSA_MsgQPut	32	static
/home/haopc/workspace/project/usb_key_authen/src/core/mcxa156/sdks/frdm_mcxa156_sdk/components/osa/fsl_os_abstraction_free_rtos.c:1116:14:OSA_MsgQGet	40	static
/home/haopc/workspace/project/usb_key_authen/src/core/mcxa156/sdks/frdm_mcxa156_sdk/components/osa/fsl_os_abstraction_free_rtos.c:1150:5:OSA_MsgQAvailableMsgs	24	static
/home/haopc/workspace/project/usb_key_authen/src/core/mcxa156/sdks/frdm_mcxa156_sdk/components/osa/fsl_os_abstraction_free_rtos.c:1165:14:OSA_MsgQDestroy	24	static
/home/haopc/workspace/project/usb_key_authen/src/core/mcxa156/sdks/frdm_mcxa156_sdk/components/osa/fsl_os_abstraction_free_rtos.c:1180:6:OSA_InterruptEnable	16	static
/home/haopc/workspace/project/usb_key_authen/src/core/mcxa156/sdks/frdm_mcxa156_sdk/components/osa/fsl_os_abstraction_free_rtos.c:1206:6:OSA_InterruptDisable	16	static
/home/haopc/workspace/project/usb_key_authen/src/core/mcxa156/sdks/frdm_mcxa156_sdk/components/osa/fsl_os_abstraction_free_rtos.c:1228:6:OSA_EnableIRQGlobal	4	static
/home/haopc/workspace/project/usb_key_authen/src/core/mcxa156/sdks/frdm_mcxa156_sdk/components/osa/fsl_os_abstraction_free_rtos.c:1248:6:OSA_DisableIRQGlobal	4	static
/home/haopc/workspace/project/usb_key_authen/src/core/mcxa156/sdks/frdm_mcxa156_sdk/components/osa/fsl_os_abstraction_free_rtos.c:1264:6:OSA_DisableScheduler	8	static
/home/haopc/workspace/project/usb_key_authen/src/core/mcxa156/sdks/frdm_mcxa156_sdk/components/osa/fsl_os_abstraction_free_rtos.c:1276:6:OSA_EnableScheduler	8	static
/home/haopc/workspace/project/usb_key_authen/src/core/mcxa156/sdks/frdm_mcxa156_sdk/components/osa/fsl_os_abstraction_free_rtos.c:1287:6:OSA_InstallIntHandler	16	static
/home/haopc/workspace/project/usb_key_authen/src/core/mcxa156/sdks/frdm_mcxa156_sdk/components/osa/fsl_os_abstraction_free_rtos.c:1376:23:OSA_SemaphoreGetCount	16	static
